make -C /lib/modules/4.10.14/build M=/home/yuankai/Desktop/Assignment1/source/program2 modules
make[1]: Entering directory '/home/yuankai/working/linux-4.10.14'
  CC [M]  /home/yuankai/Desktop/Assignment1/source/program2/program2.o
/home/yuankai/Desktop/Assignment1/source/program2/program2.c:16:28: warning: ‘struct wait_opts’ declared inside parameter list
 extern long do_wait(struct wait_opts *wo1);
                            ^
/home/yuankai/Desktop/Assignment1/source/program2/program2.c:16:28: warning: its scope is only this definition or declaration, which is probably not what you want
/home/yuankai/Desktop/Assignment1/source/program2/program2.c: In function ‘my_wait’:
/home/yuankai/Desktop/Assignment1/source/program2/program2.c:37:19: error: storage size of ‘wo’ isn’t known
  struct wait_opts wo;
                   ^
/home/yuankai/Desktop/Assignment1/source/program2/program2.c:50:2: warning: ISO C90 forbids mixed declarations and code [-Wdeclaration-after-statement]
  int a;
  ^
/home/yuankai/Desktop/Assignment1/source/program2/program2.c:52:9: warning: format ‘%d’ expects argument of type ‘int’, but argument 2 has type ‘int *’ [-Wformat=]
  printk("do_wait return value is %d\n", &a);
         ^
/home/yuankai/Desktop/Assignment1/source/program2/program2.c:37:19: warning: unused variable ‘wo’ [-Wunused-variable]
  struct wait_opts wo;
                   ^
/home/yuankai/Desktop/Assignment1/source/program2/program2.c: In function ‘my_fork’:
/home/yuankai/Desktop/Assignment1/source/program2/program2.c:76:2: warning: ISO C90 forbids mixed declarations and code [-Wdeclaration-after-statement]
  pid_t pid = _do_fork(SIGCHLD, (unsigned long)&my_exec,0,NULL,NULL,0);
  ^
/home/yuankai/Desktop/Assignment1/source/program2/program2.c:79:10: warning: format ‘%ld’ expects argument of type ‘long int’, but argument 2 has type ‘pid_t {aka int}’ [-Wformat=]
   printk("[Do_Fork] : The child process has pid = %ld\n",pid);
          ^
/home/yuankai/Desktop/Assignment1/source/program2/program2.c: In function ‘program2_init’:
/home/yuankai/Desktop/Assignment1/source/program2/program2.c:98:2: warning: ISO C90 forbids mixed declarations and code [-Wdeclaration-after-statement]
  struct task_struct *task; 
  ^
scripts/Makefile.build:300: recipe for target '/home/yuankai/Desktop/Assignment1/source/program2/program2.o' failed
make[2]: *** [/home/yuankai/Desktop/Assignment1/source/program2/program2.o] Error 1
Makefile:1490: recipe for target '_module_/home/yuankai/Desktop/Assignment1/source/program2' failed
make[1]: *** [_module_/home/yuankai/Desktop/Assignment1/source/program2] Error 2
make[1]: Leaving directory '/home/yuankai/working/linux-4.10.14'
Makefile:6: recipe for target 'all' failed
make: *** [all] Error 2
[    0.000000] Linux version 4.10.14 (root@ubuntu) (gcc version 5.4.0 20160609 (Ubuntu 5.4.0-6ubuntu1~16.04.12) ) #3 SMP Mon Oct 4 00:20:44 PDT 2021
[    0.000000] Command line: BOOT_IMAGE=/boot/vmlinuz-4.10.14 root=UUID=c8a65372-2c61-4263-9bc4-c72287bd6a66 ro find_preseed=/preseed.cfg auto noprompt priority=critical locale=en_US quiet
[    0.000000] KERNEL supported cpus:
[    0.000000]   Intel GenuineIntel
[    0.000000]   AMD AuthenticAMD
[    0.000000]   Centaur CentaurHauls
[    0.000000] Disabled fast string operations
[    0.000000] x86/fpu: Supporting XSAVE feature 0x001: 'x87 floating point registers'
[    0.000000] x86/fpu: Supporting XSAVE feature 0x002: 'SSE registers'
[    0.000000] x86/fpu: Supporting XSAVE feature 0x004: 'AVX registers'
[    0.000000] x86/fpu: xstate_offset[2]:  576, xstate_sizes[2]:  256
[    0.000000] x86/fpu: Enabled xstate features 0x7, context size is 832 bytes, using 'compacted' format.
[    0.000000] e820: BIOS-provided physical RAM map:
[    0.000000] BIOS-e820: [mem 0x0000000000000000-0x000000000009e7ff] usable
[    0.000000] BIOS-e820: [mem 0x000000000009e800-0x000000000009ffff] reserved
[    0.000000] BIOS-e820: [mem 0x00000000000dc000-0x00000000000fffff] reserved
[    0.000000] BIOS-e820: [mem 0x0000000000100000-0x000000007fedffff] usable
[    0.000000] BIOS-e820: [mem 0x000000007fee0000-0x000000007fefefff] ACPI data
[    0.000000] BIOS-e820: [mem 0x000000007feff000-0x000000007fefffff] ACPI NVS
[    0.000000] BIOS-e820: [mem 0x000000007ff00000-0x000000007fffffff] usable
[    0.000000] BIOS-e820: [mem 0x00000000f0000000-0x00000000f7ffffff] reserved
[    0.000000] BIOS-e820: [mem 0x00000000fec00000-0x00000000fec0ffff] reserved
[    0.000000] BIOS-e820: [mem 0x00000000fee00000-0x00000000fee00fff] reserved
[    0.000000] BIOS-e820: [mem 0x00000000fffe0000-0x00000000ffffffff] reserved
[    0.000000] NX (Execute Disable) protection: active
[    0.000000] SMBIOS 2.7 present.
[    0.000000] DMI: VMware, Inc. VMware Virtual Platform/440BX Desktop Reference Platform, BIOS 6.00 07/29/2019
[    0.000000] Hypervisor detected: VMware
[    0.000000] vmware: TSC freq read from hypervisor : 1992.003 MHz
[    0.000000] vmware: Host bus clock speed read from hypervisor : 66000000 Hz
[    0.000000] vmware: using sched offset of 12665163273 ns
[    0.000000] e820: update [mem 0x00000000-0x00000fff] usable ==> reserved
[    0.000000] e820: remove [mem 0x000a0000-0x000fffff] usable
[    0.000000] e820: last_pfn = 0x80000 max_arch_pfn = 0x400000000
[    0.000000] MTRR default type: uncachable
[    0.000000] MTRR fixed ranges enabled:
[    0.000000]   00000-9FFFF write-back
[    0.000000]   A0000-BFFFF uncachable
[    0.000000]   C0000-CFFFF write-protect
[    0.000000]   D0000-EFFFF uncachable
[    0.000000]   F0000-FFFFF write-protect
[    0.000000] MTRR variable ranges enabled:
[    0.000000]   0 base 00000000000 mask 7FF00000000 write-back
[    0.000000]   1 base 000C0000000 mask 7FFC0000000 uncachable
[    0.000000]   2 disabled
[    0.000000]   3 disabled
[    0.000000]   4 disabled
[    0.000000]   5 disabled
[    0.000000]   6 disabled
[    0.000000]   7 disabled
[    0.000000] x86/PAT: Configuration [0-7]: WB  WC  UC- UC  WB  WC  UC- WT  
[    0.000000] total RAM covered: 3072M
[    0.000000] Found optimal setting for mtrr clean up
[    0.000000]  gran_size: 64K 	chunk_size: 64K 	num_reg: 2  	lose cover RAM: 0G
[    0.000000] found SMP MP-table at [mem 0x000f6a70-0x000f6a7f] mapped at [ffff9767c00f6a70]
[    0.000000] Scanning 1 areas for low memory corruption
[    0.000000] Base memory trampoline at [ffff9767c0098000] 98000 size 24576
[    0.000000] Using GB pages for direct mapping
[    0.000000] BRK [0x6ba09000, 0x6ba09fff] PGTABLE
[    0.000000] BRK [0x6ba0a000, 0x6ba0afff] PGTABLE
[    0.000000] BRK [0x6ba0b000, 0x6ba0bfff] PGTABLE
[    0.000000] BRK [0x6ba0c000, 0x6ba0cfff] PGTABLE
[    0.000000] BRK [0x6ba0d000, 0x6ba0dfff] PGTABLE
[    0.000000] BRK [0x6ba0e000, 0x6ba0efff] PGTABLE
[    0.000000] RAMDISK: [mem 0x0c32c000-0x2218dfff]
[    0.000000] ACPI: Early table checksum verification disabled
[    0.000000] ACPI: RSDP 0x00000000000F6A00 000024 (v02 PTLTD )
[    0.000000] ACPI: XSDT 0x000000007FEE965B 00005C (v01 INTEL  440BX    06040000 VMW  01324272)
[    0.000000] ACPI: FACP 0x000000007FEFEE73 0000F4 (v04 INTEL  440BX    06040000 PTL  000F4240)
[    0.000000] ACPI: DSDT 0x000000007FEEAD55 01411E (v01 PTLTD  Custom   06040000 MSFT 03000001)
[    0.000000] ACPI: FACS 0x000000007FEFFFC0 000040
[    0.000000] ACPI: FACS 0x000000007FEFFFC0 000040
[    0.000000] ACPI: BOOT 0x000000007FEEAD2D 000028 (v01 PTLTD  $SBFTBL$ 06040000  LTP 00000001)
[    0.000000] ACPI: APIC 0x000000007FEEA5EB 000742 (v01 PTLTD  ? APIC   06040000  LTP 00000000)
[    0.000000] ACPI: MCFG 0x000000007FEEA5AF 00003C (v01 PTLTD  $PCITBL$ 06040000  LTP 00000001)
[    0.000000] ACPI: SRAT 0x000000007FEE9757 0008A8 (v02 VMWARE MEMPLUG  06040000 VMW  00000001)
[    0.000000] ACPI: HPET 0x000000007FEE971F 000038 (v01 VMWARE VMW HPET 06040000 VMW  00000001)
[    0.000000] ACPI: WAET 0x000000007FEE96F7 000028 (v01 VMWARE VMW WAET 06040000 VMW  00000001)
[    0.000000] ACPI: Local APIC address 0xfee00000
[    0.000000] system APIC only can use physical flat
[    0.000000] Setting APIC routing to physical flat.
[    0.000000] SRAT: PXM 0 -> APIC 0x00 -> Node 0
[    0.000000] SRAT: PXM 0 -> APIC 0x02 -> Node 0
[    0.000000] SRAT: PXM 0 -> APIC 0x04 -> Node 0
[    0.000000] SRAT: PXM 0 -> APIC 0x06 -> Node 0
[    0.000000] SRAT: PXM 0 -> APIC 0x08 -> Node 0
[    0.000000] SRAT: PXM 0 -> APIC 0x0a -> Node 0
[    0.000000] SRAT: PXM 0 -> APIC 0x0c -> Node 0
[    0.000000] SRAT: PXM 0 -> APIC 0x0e -> Node 0
[    0.000000] SRAT: PXM 0 -> APIC 0x10 -> Node 0
[    0.000000] SRAT: PXM 0 -> APIC 0x12 -> Node 0
[    0.000000] SRAT: PXM 0 -> APIC 0x14 -> Node 0
[    0.000000] SRAT: PXM 0 -> APIC 0x16 -> Node 0
[    0.000000] SRAT: PXM 0 -> APIC 0x18 -> Node 0
[    0.000000] SRAT: PXM 0 -> APIC 0x1a -> Node 0
[    0.000000] SRAT: PXM 0 -> APIC 0x1c -> Node 0
[    0.000000] SRAT: PXM 0 -> APIC 0x1e -> Node 0
[    0.000000] SRAT: PXM 0 -> APIC 0x20 -> Node 0
[    0.000000] SRAT: PXM 0 -> APIC 0x22 -> Node 0
[    0.000000] SRAT: PXM 0 -> APIC 0x24 -> Node 0
[    0.000000] SRAT: PXM 0 -> APIC 0x26 -> Node 0
[    0.000000] SRAT: PXM 0 -> APIC 0x28 -> Node 0
[    0.000000] SRAT: PXM 0 -> APIC 0x2a -> Node 0
[    0.000000] SRAT: PXM 0 -> APIC 0x2c -> Node 0
[    0.000000] SRAT: PXM 0 -> APIC 0x2e -> Node 0
[    0.000000] SRAT: PXM 0 -> APIC 0x30 -> Node 0
[    0.000000] SRAT: PXM 0 -> APIC 0x32 -> Node 0
[    0.000000] SRAT: PXM 0 -> APIC 0x34 -> Node 0
[    0.000000] SRAT: PXM 0 -> APIC 0x36 -> Node 0
[    0.000000] SRAT: PXM 0 -> APIC 0x38 -> Node 0
[    0.000000] SRAT: PXM 0 -> APIC 0x3a -> Node 0
[    0.000000] SRAT: PXM 0 -> APIC 0x3c -> Node 0
[    0.000000] SRAT: PXM 0 -> APIC 0x3e -> Node 0
[    0.000000] SRAT: PXM 0 -> APIC 0x40 -> Node 0
[    0.000000] SRAT: PXM 0 -> APIC 0x42 -> Node 0
[    0.000000] SRAT: PXM 0 -> APIC 0x44 -> Node 0
[    0.000000] SRAT: PXM 0 -> APIC 0x46 -> Node 0
[    0.000000] SRAT: PXM 0 -> APIC 0x48 -> Node 0
[    0.000000] SRAT: PXM 0 -> APIC 0x4a -> Node 0
[    0.000000] SRAT: PXM 0 -> APIC 0x4c -> Node 0
[    0.000000] SRAT: PXM 0 -> APIC 0x4e -> Node 0
[    0.000000] SRAT: PXM 0 -> APIC 0x50 -> Node 0
[    0.000000] SRAT: PXM 0 -> APIC 0x52 -> Node 0
[    0.000000] SRAT: PXM 0 -> APIC 0x54 -> Node 0
[    0.000000] SRAT: PXM 0 -> APIC 0x56 -> Node 0
[    0.000000] SRAT: PXM 0 -> APIC 0x58 -> Node 0
[    0.000000] SRAT: PXM 0 -> APIC 0x5a -> Node 0
[    0.000000] SRAT: PXM 0 -> APIC 0x5c -> Node 0
[    0.000000] SRAT: PXM 0 -> APIC 0x5e -> Node 0
[    0.000000] SRAT: PXM 0 -> APIC 0x60 -> Node 0
[    0.000000] SRAT: PXM 0 -> APIC 0x62 -> Node 0
[    0.000000] SRAT: PXM 0 -> APIC 0x64 -> Node 0
[    0.000000] SRAT: PXM 0 -> APIC 0x66 -> Node 0
[    0.000000] SRAT: PXM 0 -> APIC 0x68 -> Node 0
[    0.000000] SRAT: PXM 0 -> APIC 0x6a -> Node 0
[    0.000000] SRAT: PXM 0 -> APIC 0x6c -> Node 0
[    0.000000] SRAT: PXM 0 -> APIC 0x6e -> Node 0
[    0.000000] SRAT: PXM 0 -> APIC 0x70 -> Node 0
[    0.000000] SRAT: PXM 0 -> APIC 0x72 -> Node 0
[    0.000000] SRAT: PXM 0 -> APIC 0x74 -> Node 0
[    0.000000] SRAT: PXM 0 -> APIC 0x76 -> Node 0
[    0.000000] SRAT: PXM 0 -> APIC 0x78 -> Node 0
[    0.000000] SRAT: PXM 0 -> APIC 0x7a -> Node 0
[    0.000000] SRAT: PXM 0 -> APIC 0x7c -> Node 0
[    0.000000] SRAT: PXM 0 -> APIC 0x7e -> Node 0
[    0.000000] SRAT: PXM 0 -> APIC 0x80 -> Node 0
[    0.000000] SRAT: PXM 0 -> APIC 0x82 -> Node 0
[    0.000000] SRAT: PXM 0 -> APIC 0x84 -> Node 0
[    0.000000] SRAT: PXM 0 -> APIC 0x86 -> Node 0
[    0.000000] SRAT: PXM 0 -> APIC 0x88 -> Node 0
[    0.000000] SRAT: PXM 0 -> APIC 0x8a -> Node 0
[    0.000000] SRAT: PXM 0 -> APIC 0x8c -> Node 0
[    0.000000] SRAT: PXM 0 -> APIC 0x8e -> Node 0
[    0.000000] SRAT: PXM 0 -> APIC 0x90 -> Node 0
[    0.000000] SRAT: PXM 0 -> APIC 0x92 -> Node 0
[    0.000000] SRAT: PXM 0 -> APIC 0x94 -> Node 0
[    0.000000] SRAT: PXM 0 -> APIC 0x96 -> Node 0
[    0.000000] SRAT: PXM 0 -> APIC 0x98 -> Node 0
[    0.000000] SRAT: PXM 0 -> APIC 0x9a -> Node 0
[    0.000000] SRAT: PXM 0 -> APIC 0x9c -> Node 0
[    0.000000] SRAT: PXM 0 -> APIC 0x9e -> Node 0
[    0.000000] SRAT: PXM 0 -> APIC 0xa0 -> Node 0
[    0.000000] SRAT: PXM 0 -> APIC 0xa2 -> Node 0
[    0.000000] SRAT: PXM 0 -> APIC 0xa4 -> Node 0
[    0.000000] SRAT: PXM 0 -> APIC 0xa6 -> Node 0
[    0.000000] SRAT: PXM 0 -> APIC 0xa8 -> Node 0
[    0.000000] SRAT: PXM 0 -> APIC 0xaa -> Node 0
[    0.000000] SRAT: PXM 0 -> APIC 0xac -> Node 0
[    0.000000] SRAT: PXM 0 -> APIC 0xae -> Node 0
[    0.000000] SRAT: PXM 0 -> APIC 0xb0 -> Node 0
[    0.000000] SRAT: PXM 0 -> APIC 0xb2 -> Node 0
[    0.000000] SRAT: PXM 0 -> APIC 0xb4 -> Node 0
[    0.000000] SRAT: PXM 0 -> APIC 0xb6 -> Node 0
[    0.000000] SRAT: PXM 0 -> APIC 0xb8 -> Node 0
[    0.000000] SRAT: PXM 0 -> APIC 0xba -> Node 0
[    0.000000] SRAT: PXM 0 -> APIC 0xbc -> Node 0
[    0.000000] SRAT: PXM 0 -> APIC 0xbe -> Node 0
[    0.000000] SRAT: PXM 0 -> APIC 0xc0 -> Node 0
[    0.000000] SRAT: PXM 0 -> APIC 0xc2 -> Node 0
[    0.000000] SRAT: PXM 0 -> APIC 0xc4 -> Node 0
[    0.000000] SRAT: PXM 0 -> APIC 0xc6 -> Node 0
[    0.000000] SRAT: PXM 0 -> APIC 0xc8 -> Node 0
[    0.000000] SRAT: PXM 0 -> APIC 0xca -> Node 0
[    0.000000] SRAT: PXM 0 -> APIC 0xcc -> Node 0
[    0.000000] SRAT: PXM 0 -> APIC 0xce -> Node 0
[    0.000000] SRAT: PXM 0 -> APIC 0xd0 -> Node 0
[    0.000000] SRAT: PXM 0 -> APIC 0xd2 -> Node 0
[    0.000000] SRAT: PXM 0 -> APIC 0xd4 -> Node 0
[    0.000000] SRAT: PXM 0 -> APIC 0xd6 -> Node 0
[    0.000000] SRAT: PXM 0 -> APIC 0xd8 -> Node 0
[    0.000000] SRAT: PXM 0 -> APIC 0xda -> Node 0
[    0.000000] SRAT: PXM 0 -> APIC 0xdc -> Node 0
[    0.000000] SRAT: PXM 0 -> APIC 0xde -> Node 0
[    0.000000] SRAT: PXM 0 -> APIC 0xe0 -> Node 0
[    0.000000] SRAT: PXM 0 -> APIC 0xe2 -> Node 0
[    0.000000] SRAT: PXM 0 -> APIC 0xe4 -> Node 0
[    0.000000] SRAT: PXM 0 -> APIC 0xe6 -> Node 0
[    0.000000] SRAT: PXM 0 -> APIC 0xe8 -> Node 0
[    0.000000] SRAT: PXM 0 -> APIC 0xea -> Node 0
[    0.000000] SRAT: PXM 0 -> APIC 0xec -> Node 0
[    0.000000] SRAT: PXM 0 -> APIC 0xee -> Node 0
[    0.000000] SRAT: PXM 0 -> APIC 0xf0 -> Node 0
[    0.000000] SRAT: PXM 0 -> APIC 0xf2 -> Node 0
[    0.000000] SRAT: PXM 0 -> APIC 0xf4 -> Node 0
[    0.000000] SRAT: PXM 0 -> APIC 0xf6 -> Node 0
[    0.000000] SRAT: PXM 0 -> APIC 0xf8 -> Node 0
[    0.000000] SRAT: PXM 0 -> APIC 0xfa -> Node 0
[    0.000000] SRAT: PXM 0 -> APIC 0xfc -> Node 0
[    0.000000] SRAT: PXM 0 -> APIC 0xfe -> Node 0
[    0.000000] ACPI: SRAT: Node 0 PXM 0 [mem 0x00000000-0x0009ffff]
[    0.000000] ACPI: SRAT: Node 0 PXM 0 [mem 0x00100000-0x7fffffff]
[    0.000000] ACPI: SRAT: Node 0 PXM 0 [mem 0x80000000-0xbfffffff] hotplug
[    0.000000] NUMA: Node 0 [mem 0x00000000-0x0009ffff] + [mem 0x00100000-0x7fffffff] -> [mem 0x00000000-0x7fffffff]
[    0.000000] NODE_DATA(0) allocated [mem 0x7ffd5000-0x7fffffff]
[    0.000000] Zone ranges:
[    0.000000]   DMA      [mem 0x0000000000001000-0x0000000000ffffff]
[    0.000000]   DMA32    [mem 0x0000000001000000-0x000000007fffffff]
[    0.000000]   Normal   empty
[    0.000000]   Device   empty
[    0.000000] Movable zone start for each node
[    0.000000] Early memory node ranges
[    0.000000]   node   0: [mem 0x0000000000001000-0x000000000009dfff]
[    0.000000]   node   0: [mem 0x0000000000100000-0x000000007fedffff]
[    0.000000]   node   0: [mem 0x000000007ff00000-0x000000007fffffff]
[    0.000000] Initmem setup node 0 [mem 0x0000000000001000-0x000000007fffffff]
[    0.000000] On node 0 totalpages: 524157
[    0.000000]   DMA zone: 64 pages used for memmap
[    0.000000]   DMA zone: 21 pages reserved
[    0.000000]   DMA zone: 3997 pages, LIFO batch:0
[    0.000000]   DMA32 zone: 8128 pages used for memmap
[    0.000000]   DMA32 zone: 520160 pages, LIFO batch:31
[    0.000000] ACPI: PM-Timer IO Port: 0x1008
[    0.000000] ACPI: Local APIC address 0xfee00000
[    0.000000] system APIC only can use physical flat
[    0.000000] ACPI: LAPIC_NMI (acpi_id[0x00] high edge lint[0x1])
[    0.000000] ACPI: LAPIC_NMI (acpi_id[0x01] high edge lint[0x1])
[    0.000000] ACPI: LAPIC_NMI (acpi_id[0x02] high edge lint[0x1])
[    0.000000] ACPI: LAPIC_NMI (acpi_id[0x03] high edge lint[0x1])
[    0.000000] ACPI: LAPIC_NMI (acpi_id[0x04] high edge lint[0x1])
[    0.000000] ACPI: LAPIC_NMI (acpi_id[0x05] high edge lint[0x1])
[    0.000000] ACPI: LAPIC_NMI (acpi_id[0x06] high edge lint[0x1])
[    0.000000] ACPI: LAPIC_NMI (acpi_id[0x07] high edge lint[0x1])
[    0.000000] ACPI: LAPIC_NMI (acpi_id[0x08] high edge lint[0x1])
[    0.000000] ACPI: LAPIC_NMI (acpi_id[0x09] high edge lint[0x1])
[    0.000000] ACPI: LAPIC_NMI (acpi_id[0x0a] high edge lint[0x1])
[    0.000000] ACPI: LAPIC_NMI (acpi_id[0x0b] high edge lint[0x1])
[    0.000000] ACPI: LAPIC_NMI (acpi_id[0x0c] high edge lint[0x1])
[    0.000000] ACPI: LAPIC_NMI (acpi_id[0x0d] high edge lint[0x1])
[    0.000000] ACPI: LAPIC_NMI (acpi_id[0x0e] high edge lint[0x1])
[    0.000000] ACPI: LAPIC_NMI (acpi_id[0x0f] high edge lint[0x1])
[    0.000000] ACPI: LAPIC_NMI (acpi_id[0x10] high edge lint[0x1])
[    0.000000] ACPI: LAPIC_NMI (acpi_id[0x11] high edge lint[0x1])
[    0.000000] ACPI: LAPIC_NMI (acpi_id[0x12] high edge lint[0x1])
[    0.000000] ACPI: LAPIC_NMI (acpi_id[0x13] high edge lint[0x1])
[    0.000000] ACPI: LAPIC_NMI (acpi_id[0x14] high edge lint[0x1])
[    0.000000] ACPI: LAPIC_NMI (acpi_id[0x15] high edge lint[0x1])
[    0.000000] ACPI: LAPIC_NMI (acpi_id[0x16] high edge lint[0x1])
[    0.000000] ACPI: LAPIC_NMI (acpi_id[0x17] high edge lint[0x1])
[    0.000000] ACPI: LAPIC_NMI (acpi_id[0x18] high edge lint[0x1])
[    0.000000] ACPI: LAPIC_NMI (acpi_id[0x19] high edge lint[0x1])
[    0.000000] ACPI: LAPIC_NMI (acpi_id[0x1a] high edge lint[0x1])
[    0.000000] ACPI: LAPIC_NMI (acpi_id[0x1b] high edge lint[0x1])
[    0.000000] ACPI: LAPIC_NMI (acpi_id[0x1c] high edge lint[0x1])
[    0.000000] ACPI: LAPIC_NMI (acpi_id[0x1d] high edge lint[0x1])
[    0.000000] ACPI: LAPIC_NMI (acpi_id[0x1e] high edge lint[0x1])
[    0.000000] ACPI: LAPIC_NMI (acpi_id[0x1f] high edge lint[0x1])
[    0.000000] ACPI: LAPIC_NMI (acpi_id[0x20] high edge lint[0x1])
[    0.000000] ACPI: LAPIC_NMI (acpi_id[0x21] high edge lint[0x1])
[    0.000000] ACPI: LAPIC_NMI (acpi_id[0x22] high edge lint[0x1])
[    0.000000] ACPI: LAPIC_NMI (acpi_id[0x23] high edge lint[0x1])
[    0.000000] ACPI: LAPIC_NMI (acpi_id[0x24] high edge lint[0x1])
[    0.000000] ACPI: LAPIC_NMI (acpi_id[0x25] high edge lint[0x1])
[    0.000000] ACPI: LAPIC_NMI (acpi_id[0x26] high edge lint[0x1])
[    0.000000] ACPI: LAPIC_NMI (acpi_id[0x27] high edge lint[0x1])
[    0.000000] ACPI: LAPIC_NMI (acpi_id[0x28] high edge lint[0x1])
[    0.000000] ACPI: LAPIC_NMI (acpi_id[0x29] high edge lint[0x1])
[    0.000000] ACPI: LAPIC_NMI (acpi_id[0x2a] high edge lint[0x1])
[    0.000000] ACPI: LAPIC_NMI (acpi_id[0x2b] high edge lint[0x1])
[    0.000000] ACPI: LAPIC_NMI (acpi_id[0x2c] high edge lint[0x1])
[    0.000000] ACPI: LAPIC_NMI (acpi_id[0x2d] high edge lint[0x1])
[    0.000000] ACPI: LAPIC_NMI (acpi_id[0x2e] high edge lint[0x1])
[    0.000000] ACPI: LAPIC_NMI (acpi_id[0x2f] high edge lint[0x1])
[    0.000000] ACPI: LAPIC_NMI (acpi_id[0x30] high edge lint[0x1])
[    0.000000] ACPI: LAPIC_NMI (acpi_id[0x31] high edge lint[0x1])
[    0.000000] ACPI: LAPIC_NMI (acpi_id[0x32] high edge lint[0x1])
[    0.000000] ACPI: LAPIC_NMI (acpi_id[0x33] high edge lint[0x1])
[    0.000000] ACPI: LAPIC_NMI (acpi_id[0x34] high edge lint[0x1])
[    0.000000] ACPI: LAPIC_NMI (acpi_id[0x35] high edge lint[0x1])
[    0.000000] ACPI: LAPIC_NMI (acpi_id[0x36] high edge lint[0x1])
[    0.000000] ACPI: LAPIC_NMI (acpi_id[0x37] high edge lint[0x1])
[    0.000000] ACPI: LAPIC_NMI (acpi_id[0x38] high edge lint[0x1])
[    0.000000] ACPI: LAPIC_NMI (acpi_id[0x39] high edge lint[0x1])
[    0.000000] ACPI: LAPIC_NMI (acpi_id[0x3a] high edge lint[0x1])
[    0.000000] ACPI: LAPIC_NMI (acpi_id[0x3b] high edge lint[0x1])
[    0.000000] ACPI: LAPIC_NMI (acpi_id[0x3c] high edge lint[0x1])
[    0.000000] ACPI: LAPIC_NMI (acpi_id[0x3d] high edge lint[0x1])
[    0.000000] ACPI: LAPIC_NMI (acpi_id[0x3e] high edge lint[0x1])
[    0.000000] ACPI: LAPIC_NMI (acpi_id[0x3f] high edge lint[0x1])
[    0.000000] ACPI: LAPIC_NMI (acpi_id[0x40] high edge lint[0x1])
[    0.000000] ACPI: LAPIC_NMI (acpi_id[0x41] high edge lint[0x1])
[    0.000000] ACPI: LAPIC_NMI (acpi_id[0x42] high edge lint[0x1])
[    0.000000] ACPI: LAPIC_NMI (acpi_id[0x43] high edge lint[0x1])
[    0.000000] ACPI: LAPIC_NMI (acpi_id[0x44] high edge lint[0x1])
[    0.000000] ACPI: LAPIC_NMI (acpi_id[0x45] high edge lint[0x1])
[    0.000000] ACPI: LAPIC_NMI (acpi_id[0x46] high edge lint[0x1])
[    0.000000] ACPI: LAPIC_NMI (acpi_id[0x47] high edge lint[0x1])
[    0.000000] ACPI: LAPIC_NMI (acpi_id[0x48] high edge lint[0x1])
[    0.000000] ACPI: LAPIC_NMI (acpi_id[0x49] high edge lint[0x1])
[    0.000000] ACPI: LAPIC_NMI (acpi_id[0x4a] high edge lint[0x1])
[    0.000000] ACPI: LAPIC_NMI (acpi_id[0x4b] high edge lint[0x1])
[    0.000000] ACPI: LAPIC_NMI (acpi_id[0x4c] high edge lint[0x1])
[    0.000000] ACPI: LAPIC_NMI (acpi_id[0x4d] high edge lint[0x1])
[    0.000000] ACPI: LAPIC_NMI (acpi_id[0x4e] high edge lint[0x1])
[    0.000000] ACPI: LAPIC_NMI (acpi_id[0x4f] high edge lint[0x1])
[    0.000000] ACPI: LAPIC_NMI (acpi_id[0x50] high edge lint[0x1])
[    0.000000] ACPI: LAPIC_NMI (acpi_id[0x51] high edge lint[0x1])
[    0.000000] ACPI: LAPIC_NMI (acpi_id[0x52] high edge lint[0x1])
[    0.000000] ACPI: LAPIC_NMI (acpi_id[0x53] high edge lint[0x1])
[    0.000000] ACPI: LAPIC_NMI (acpi_id[0x54] high edge lint[0x1])
[    0.000000] ACPI: LAPIC_NMI (acpi_id[0x55] high edge lint[0x1])
[    0.000000] ACPI: LAPIC_NMI (acpi_id[0x56] high edge lint[0x1])
[    0.000000] ACPI: LAPIC_NMI (acpi_id[0x57] high edge lint[0x1])
[    0.000000] ACPI: LAPIC_NMI (acpi_id[0x58] high edge lint[0x1])
[    0.000000] ACPI: LAPIC_NMI (acpi_id[0x59] high edge lint[0x1])
[    0.000000] ACPI: LAPIC_NMI (acpi_id[0x5a] high edge lint[0x1])
[    0.000000] ACPI: LAPIC_NMI (acpi_id[0x5b] high edge lint[0x1])
[    0.000000] ACPI: LAPIC_NMI (acpi_id[0x5c] high edge lint[0x1])
[    0.000000] ACPI: LAPIC_NMI (acpi_id[0x5d] high edge lint[0x1])
[    0.000000] ACPI: LAPIC_NMI (acpi_id[0x5e] high edge lint[0x1])
[    0.000000] ACPI: LAPIC_NMI (acpi_id[0x5f] high edge lint[0x1])
[    0.000000] ACPI: LAPIC_NMI (acpi_id[0x60] high edge lint[0x1])
[    0.000000] ACPI: LAPIC_NMI (acpi_id[0x61] high edge lint[0x1])
[    0.000000] ACPI: LAPIC_NMI (acpi_id[0x62] high edge lint[0x1])
[    0.000000] ACPI: LAPIC_NMI (acpi_id[0x63] high edge lint[0x1])
[    0.000000] ACPI: LAPIC_NMI (acpi_id[0x64] high edge lint[0x1])
[    0.000000] ACPI: LAPIC_NMI (acpi_id[0x65] high edge lint[0x1])
[    0.000000] ACPI: LAPIC_NMI (acpi_id[0x66] high edge lint[0x1])
[    0.000000] ACPI: LAPIC_NMI (acpi_id[0x67] high edge lint[0x1])
[    0.000000] ACPI: LAPIC_NMI (acpi_id[0x68] high edge lint[0x1])
[    0.000000] ACPI: LAPIC_NMI (acpi_id[0x69] high edge lint[0x1])
[    0.000000] ACPI: LAPIC_NMI (acpi_id[0x6a] high edge lint[0x1])
[    0.000000] ACPI: LAPIC_NMI (acpi_id[0x6b] high edge lint[0x1])
[    0.000000] ACPI: LAPIC_NMI (acpi_id[0x6c] high edge lint[0x1])
[    0.000000] ACPI: LAPIC_NMI (acpi_id[0x6d] high edge lint[0x1])
[    0.000000] ACPI: LAPIC_NMI (acpi_id[0x6e] high edge lint[0x1])
[    0.000000] ACPI: LAPIC_NMI (acpi_id[0x6f] high edge lint[0x1])
[    0.000000] ACPI: LAPIC_NMI (acpi_id[0x70] high edge lint[0x1])
[    0.000000] ACPI: LAPIC_NMI (acpi_id[0x71] high edge lint[0x1])
[    0.000000] ACPI: LAPIC_NMI (acpi_id[0x72] high edge lint[0x1])
[    0.000000] ACPI: LAPIC_NMI (acpi_id[0x73] high edge lint[0x1])
[    0.000000] ACPI: LAPIC_NMI (acpi_id[0x74] high edge lint[0x1])
[    0.000000] ACPI: LAPIC_NMI (acpi_id[0x75] high edge lint[0x1])
[    0.000000] ACPI: LAPIC_NMI (acpi_id[0x76] high edge lint[0x1])
[    0.000000] ACPI: LAPIC_NMI (acpi_id[0x77] high edge lint[0x1])
[    0.000000] ACPI: LAPIC_NMI (acpi_id[0x78] high edge lint[0x1])
[    0.000000] ACPI: LAPIC_NMI (acpi_id[0x79] high edge lint[0x1])
[    0.000000] ACPI: LAPIC_NMI (acpi_id[0x7a] high edge lint[0x1])
[    0.000000] ACPI: LAPIC_NMI (acpi_id[0x7b] high edge lint[0x1])
[    0.000000] ACPI: LAPIC_NMI (acpi_id[0x7c] high edge lint[0x1])
[    0.000000] ACPI: LAPIC_NMI (acpi_id[0x7d] high edge lint[0x1])
[    0.000000] ACPI: LAPIC_NMI (acpi_id[0x7e] high edge lint[0x1])
[    0.000000] ACPI: LAPIC_NMI (acpi_id[0x7f] high edge lint[0x1])
[    0.000000] IOAPIC[0]: apic_id 1, version 32, address 0xfec00000, GSI 0-23
[    0.000000] ACPI: INT_SRC_OVR (bus 0 bus_irq 0 global_irq 2 high edge)
[    0.000000] ACPI: IRQ0 used by override.
[    0.000000] ACPI: IRQ9 used by override.
[    0.000000] Using ACPI (MADT) for SMP configuration information
[    0.000000] ACPI: HPET id: 0x8086af01 base: 0xfed00000
[    0.000000] smpboot: Allowing 128 CPUs, 127 hotplug CPUs
[    0.000000] PM: Registered nosave memory: [mem 0x00000000-0x00000fff]
[    0.000000] PM: Registered nosave memory: [mem 0x0009e000-0x0009efff]
[    0.000000] PM: Registered nosave memory: [mem 0x0009f000-0x0009ffff]
[    0.000000] PM: Registered nosave memory: [mem 0x000a0000-0x000dbfff]
[    0.000000] PM: Registered nosave memory: [mem 0x000dc000-0x000fffff]
[    0.000000] PM: Registered nosave memory: [mem 0x7fee0000-0x7fefefff]
[    0.000000] PM: Registered nosave memory: [mem 0x7feff000-0x7fefffff]
[    0.000000] e820: [mem 0x80000000-0xefffffff] available for PCI devices
[    0.000000] Booting paravirtualized kernel on VMware hypervisor
[    0.000000] clocksource: refined-jiffies: mask: 0xffffffff max_cycles: 0xffffffff, max_idle_ns: 7645519600211568 ns
[    0.000000] setup_percpu: NR_CPUS:8192 nr_cpumask_bits:128 nr_cpu_ids:128 nr_node_ids:1
[    0.000000] percpu: Embedded 36 pages/cpu @ffff97683b600000 s107544 r8192 d31720 u262144
[    0.000000] pcpu-alloc: s107544 r8192 d31720 u262144 alloc=1*2097152
[    0.000000] pcpu-alloc: [0] 000 001 002 003 004 005 006 007 
[    0.000000] pcpu-alloc: [0] 008 009 010 011 012 013 014 015 
[    0.000000] pcpu-alloc: [0] 016 017 018 019 020 021 022 023 
[    0.000000] pcpu-alloc: [0] 024 025 026 027 028 029 030 031 
[    0.000000] pcpu-alloc: [0] 032 033 034 035 036 037 038 039 
[    0.000000] pcpu-alloc: [0] 040 041 042 043 044 045 046 047 
[    0.000000] pcpu-alloc: [0] 048 049 050 051 052 053 054 055 
[    0.000000] pcpu-alloc: [0] 056 057 058 059 060 061 062 063 
[    0.000000] pcpu-alloc: [0] 064 065 066 067 068 069 070 071 
[    0.000000] pcpu-alloc: [0] 072 073 074 075 076 077 078 079 
[    0.000000] pcpu-alloc: [0] 080 081 082 083 084 085 086 087 
[    0.000000] pcpu-alloc: [0] 088 089 090 091 092 093 094 095 
[    0.000000] pcpu-alloc: [0] 096 097 098 099 100 101 102 103 
[    0.000000] pcpu-alloc: [0] 104 105 106 107 108 109 110 111 
[    0.000000] pcpu-alloc: [0] 112 113 114 115 116 117 118 119 
[    0.000000] pcpu-alloc: [0] 120 121 122 123 124 125 126 127 
[    0.000000] Built 1 zonelists in Node order, mobility grouping on.  Total pages: 515944
[    0.000000] Policy zone: DMA32
[    0.000000] Kernel command line: BOOT_IMAGE=/boot/vmlinuz-4.10.14 root=UUID=c8a65372-2c61-4263-9bc4-c72287bd6a66 ro find_preseed=/preseed.cfg auto noprompt priority=critical locale=en_US quiet
[    0.000000] log_buf_len individual max cpu contribution: 4096 bytes
[    0.000000] log_buf_len total cpu_extra contributions: 520192 bytes
[    0.000000] log_buf_len min size: 262144 bytes
[    0.000000] log_buf_len: 1048576 bytes
[    0.000000] early log buf free: 236856(90%)
[    0.000000] PID hash table entries: 4096 (order: 3, 32768 bytes)
[    0.000000] Calgary: detecting Calgary via BIOS EBDA area
[    0.000000] Calgary: Unable to locate Rio Grande table in EBDA - bailing!
[    0.000000] Memory: 1664732K/2096628K available (9069K kernel code, 1666K rwdata, 3916K rodata, 2220K init, 2244K bss, 431896K reserved, 0K cma-reserved)
[    0.000000] SLUB: HWalign=64, Order=0-3, MinObjects=0, CPUs=128, Nodes=1
[    0.000000] Hierarchical RCU implementation.
[    0.000000] 	Build-time adjustment of leaf fanout to 64.
[    0.000000] 	RCU restricting CPUs from NR_CPUS=8192 to nr_cpu_ids=128.
[    0.000000] RCU: Adjusting geometry for rcu_fanout_leaf=64, nr_cpu_ids=128
[    0.000000] NR_IRQS:524544 nr_irqs:1448 16
[    0.000000] Console: colour VGA+ 80x25
[    0.000000] console [tty0] enabled
[    0.000000] clocksource: hpet: mask: 0xffffffff max_cycles: 0xffffffff, max_idle_ns: 133484882848 ns
[    0.000000] hpet clockevent registered
[    0.000000] tsc: Detected 1992.003 MHz processor
[    0.060058] Calibrating delay loop (skipped) preset value.. 3984.00 BogoMIPS (lpj=7968012)
[    0.060059] pid_max: default: 131072 minimum: 1024
[    0.060081] ACPI: Core revision 20160930
[    0.084040] ACPI: 1 ACPI AML tables successfully acquired and loaded
[    0.084115] Security Framework initialized
[    0.084115] Yama: becoming mindful.
[    0.084121] AppArmor: AppArmor initialized
[    0.084278] Dentry cache hash table entries: 262144 (order: 9, 2097152 bytes)
[    0.084631] Inode-cache hash table entries: 131072 (order: 8, 1048576 bytes)
[    0.084849] Mount-cache hash table entries: 4096 (order: 3, 32768 bytes)
[    0.084851] Mountpoint-cache hash table entries: 4096 (order: 3, 32768 bytes)
[    0.085211] Disabled fast string operations
[    0.085214] CPU: Physical Processor ID: 0
[    0.085238] mce: CPU supports 8 MCE banks
[    0.085283] Last level iTLB entries: 4KB 64, 2MB 8, 4MB 8
[    0.085284] Last level dTLB entries: 4KB 64, 2MB 0, 4MB 0, 1GB 4
[    0.095045] ftrace: allocating 34119 entries in 134 pages
[    0.108729] smpboot: Max logical packages: 128
[    0.108857] x2apic enabled
[    0.108920] Switched APIC routing to physical x2apic.
[    0.109299] ..TIMER: vector=0x30 apic1=0 pin1=2 apic2=-1 pin2=-1
[    0.109327] TSC deadline timer enabled
[    0.109343] smpboot: CPU0: Intel(R) Core(TM) i7-8565U CPU @ 1.80GHz (family: 0x6, model: 0x8e, stepping: 0xc)
[    0.109425] Performance Events: Skylake events, core PMU driver.
[    0.109463] core: CPUID marked event: 'cpu cycles' unavailable
[    0.109463] core: CPUID marked event: 'instructions' unavailable
[    0.109463] core: CPUID marked event: 'bus cycles' unavailable
[    0.109464] core: CPUID marked event: 'cache references' unavailable
[    0.109464] core: CPUID marked event: 'cache misses' unavailable
[    0.109464] core: CPUID marked event: 'branch instructions' unavailable
[    0.109464] core: CPUID marked event: 'branch misses' unavailable
[    0.109467] ... version:                1
[    0.109467] ... bit width:              48
[    0.109468] ... generic registers:      4
[    0.109468] ... value mask:             0000ffffffffffff
[    0.109468] ... max period:             000000007fffffff
[    0.109469] ... fixed-purpose events:   0
[    0.109469] ... event mask:             000000000000000f
[    0.111360] NMI watchdog: disabled (cpu0): hardware events not enabled
[    0.111360] NMI watchdog: Shutting down hard lockup detector on all cpus
[    0.111367] smp: Bringing up secondary CPUs ...
[    0.111368] smp: Brought up 1 node, 1 CPU
[    0.111369] smpboot: Total of 1 processors activated (3984.00 BogoMIPS)
[    0.111781] devtmpfs: initialized
[    0.111816] x86/mm: Memory block size: 128MB
[    0.113072] evm: security.selinux
[    0.113073] evm: security.SMACK64
[    0.113073] evm: security.SMACK64EXEC
[    0.113073] evm: security.SMACK64TRANSMUTE
[    0.113073] evm: security.SMACK64MMAP
[    0.113073] evm: security.ima
[    0.113074] evm: security.capability
[    0.113212] PM: Registering ACPI NVS region [mem 0x7feff000-0x7fefffff] (4096 bytes)
[    0.113260] clocksource: jiffies: mask: 0xffffffff max_cycles: 0xffffffff, max_idle_ns: 7645041785100000 ns
[    0.113327] futex hash table entries: 32768 (order: 9, 2097152 bytes)
[    0.114438] pinctrl core: initialized pinctrl subsystem
[    0.114562] RTC time:  7:30:19, date: 10/04/21
[    0.114669] NET: Registered protocol family 16
[    0.114792] cpuidle: using governor ladder
[    0.114793] cpuidle: using governor menu
[    0.114794] PCCT header not found.
[    0.114816] Simple Boot Flag at 0x36 set to 0x80
[    0.114832] ACPI: bus type PCI registered
[    0.114833] acpiphp: ACPI Hot Plug PCI Controller Driver version: 0.5
[    0.114962] PCI: MMCONFIG for domain 0000 [bus 00-7f] at [mem 0xf0000000-0xf7ffffff] (base 0xf0000000)
[    0.114963] PCI: MMCONFIG at [mem 0xf0000000-0xf7ffffff] reserved in E820
[    0.114969] PCI: Using configuration type 1 for base access
[    0.115709] HugeTLB registered 1 GB page size, pre-allocated 0 pages
[    0.115709] HugeTLB registered 2 MB page size, pre-allocated 0 pages
[    0.116217] ACPI: Added _OSI(Module Device)
[    0.116218] ACPI: Added _OSI(Processor Device)
[    0.116218] ACPI: Added _OSI(3.0 _SCP Extensions)
[    0.116219] ACPI: Added _OSI(Processor Aggregator Device)
[    0.120952] ACPI: [Firmware Bug]: BIOS _OSI(Linux) query ignored
[    0.140783] ACPI: Interpreter enabled
[    0.140794] ACPI: (supports S0 S1 S4 S5)
[    0.140795] ACPI: Using IOAPIC for interrupt routing
[    0.140818] PCI: Using host bridge windows from ACPI; if necessary, use "pci=nocrs" and report a bug
[    0.206090] ACPI: PCI Root Bridge [PCI0] (domain 0000 [bus 00-7f])
[    0.206094] acpi PNP0A03:00: _OSC: OS supports [ExtendedConfig ASPM ClockPM Segments MSI]
[    0.206238] acpi PNP0A03:00: _OSC: platform does not support [AER]
[    0.206382] acpi PNP0A03:00: _OSC: OS now controls [PCIeHotplug PME PCIeCapability]
[    0.208234] PCI host bridge to bus 0000:00
[    0.208235] pci_bus 0000:00: root bus resource [mem 0x000a0000-0x000bffff window]
[    0.208236] pci_bus 0000:00: root bus resource [mem 0x000d0000-0x000d3fff window]
[    0.208236] pci_bus 0000:00: root bus resource [mem 0x000d4000-0x000d7fff window]
[    0.208237] pci_bus 0000:00: root bus resource [mem 0x000d8000-0x000dbfff window]
[    0.208237] pci_bus 0000:00: root bus resource [mem 0xc0000000-0xfebfffff window]
[    0.208238] pci_bus 0000:00: root bus resource [io  0x0000-0x0cf7 window]
[    0.208238] pci_bus 0000:00: root bus resource [io  0x0d00-0xfeff window]
[    0.208239] pci_bus 0000:00: root bus resource [bus 00-7f]
[    0.208273] pci 0000:00:00.0: [8086:7190] type 00 class 0x060000
[    0.208710] pci 0000:00:01.0: [8086:7191] type 01 class 0x060400
[    0.209123] pci 0000:00:07.0: [8086:7110] type 00 class 0x060100
[    0.209626] pci 0000:00:07.1: [8086:7111] type 00 class 0x01018a
[    0.210302] pci 0000:00:07.1: reg 0x20: [io  0x1060-0x106f]
[    0.210562] pci 0000:00:07.1: legacy IDE quirk: reg 0x10: [io  0x01f0-0x01f7]
[    0.210562] pci 0000:00:07.1: legacy IDE quirk: reg 0x14: [io  0x03f6]
[    0.210563] pci 0000:00:07.1: legacy IDE quirk: reg 0x18: [io  0x0170-0x0177]
[    0.210563] pci 0000:00:07.1: legacy IDE quirk: reg 0x1c: [io  0x0376]
[    0.210730] pci 0000:00:07.3: [8086:7113] type 00 class 0x068000
[    0.211674] pci 0000:00:07.3: quirk: [io  0x1000-0x103f] claimed by PIIX4 ACPI
[    0.211682] pci 0000:00:07.3: quirk: [io  0x1040-0x104f] claimed by PIIX4 SMB
[    0.211973] pci 0000:00:07.7: [15ad:0740] type 00 class 0x088000
[    0.212251] pci 0000:00:07.7: reg 0x10: [io  0x1080-0x10bf]
[    0.212503] pci 0000:00:07.7: reg 0x14: [mem 0xfebfe000-0xfebfffff 64bit]
[    0.213966] pci 0000:00:0f.0: [15ad:0405] type 00 class 0x030000
[    0.214681] pci 0000:00:0f.0: reg 0x10: [io  0x1070-0x107f]
[    0.215439] pci 0000:00:0f.0: reg 0x14: [mem 0xe8000000-0xefffffff pref]
[    0.216114] pci 0000:00:0f.0: reg 0x18: [mem 0xfe000000-0xfe7fffff]
[    0.218613] pci 0000:00:0f.0: reg 0x30: [mem 0x00000000-0x00007fff pref]
[    0.219193] pci 0000:00:10.0: [1000:0030] type 00 class 0x010000
[    0.219524] pci 0000:00:10.0: reg 0x10: [io  0x1400-0x14ff]
[    0.219897] pci 0000:00:10.0: reg 0x14: [mem 0xfeba0000-0xfebbffff 64bit]
[    0.220215] pci 0000:00:10.0: reg 0x1c: [mem 0xfebc0000-0xfebdffff 64bit]
[    0.220806] pci 0000:00:10.0: reg 0x30: [mem 0x00000000-0x00003fff pref]
[    0.221159] pci 0000:00:11.0: [15ad:0790] type 01 class 0x060401
[    0.221637] pci 0000:00:11.0: System wakeup disabled by ACPI
[    0.221803] pci 0000:00:15.0: [15ad:07a0] type 01 class 0x060400
[    0.222376] pci 0000:00:15.0: PME# supported from D0 D3hot D3cold
[    0.222541] pci 0000:00:15.0: System wakeup disabled by ACPI
[    0.222643] pci 0000:00:15.1: [15ad:07a0] type 01 class 0x060400
[    0.223708] pci 0000:00:15.1: PME# supported from D0 D3hot D3cold
[    0.223962] pci 0000:00:15.1: System wakeup disabled by ACPI
[    0.224086] pci 0000:00:15.2: [15ad:07a0] type 01 class 0x060400
[    0.224794] pci 0000:00:15.2: PME# supported from D0 D3hot D3cold
[    0.225005] pci 0000:00:15.2: System wakeup disabled by ACPI
[    0.225212] pci 0000:00:15.3: [15ad:07a0] type 01 class 0x060400
[    0.225993] pci 0000:00:15.3: PME# supported from D0 D3hot D3cold
[    0.226232] pci 0000:00:15.3: System wakeup disabled by ACPI
[    0.226390] pci 0000:00:15.4: [15ad:07a0] type 01 class 0x060400
[    0.227230] pci 0000:00:15.4: PME# supported from D0 D3hot D3cold
[    0.227453] pci 0000:00:15.4: System wakeup disabled by ACPI
[    0.227596] pci 0000:00:15.5: [15ad:07a0] type 01 class 0x060400
[    0.228274] pci 0000:00:15.5: PME# supported from D0 D3hot D3cold
[    0.228470] pci 0000:00:15.5: System wakeup disabled by ACPI
[    0.228592] pci 0000:00:15.6: [15ad:07a0] type 01 class 0x060400
[    0.229279] pci 0000:00:15.6: PME# supported from D0 D3hot D3cold
[    0.229459] pci 0000:00:15.6: System wakeup disabled by ACPI
[    0.229570] pci 0000:00:15.7: [15ad:07a0] type 01 class 0x060400
[    0.230283] pci 0000:00:15.7: PME# supported from D0 D3hot D3cold
[    0.230462] pci 0000:00:15.7: System wakeup disabled by ACPI
[    0.230568] pci 0000:00:16.0: [15ad:07a0] type 01 class 0x060400
[    0.231283] pci 0000:00:16.0: PME# supported from D0 D3hot D3cold
[    0.231462] pci 0000:00:16.0: System wakeup disabled by ACPI
[    0.231568] pci 0000:00:16.1: [15ad:07a0] type 01 class 0x060400
[    0.232178] pci 0000:00:16.1: PME# supported from D0 D3hot D3cold
[    0.232340] pci 0000:00:16.1: System wakeup disabled by ACPI
[    0.232441] pci 0000:00:16.2: [15ad:07a0] type 01 class 0x060400
[    0.233035] pci 0000:00:16.2: PME# supported from D0 D3hot D3cold
[    0.233197] pci 0000:00:16.2: System wakeup disabled by ACPI
[    0.233298] pci 0000:00:16.3: [15ad:07a0] type 01 class 0x060400
[    0.233894] pci 0000:00:16.3: PME# supported from D0 D3hot D3cold
[    0.234060] pci 0000:00:16.3: System wakeup disabled by ACPI
[    0.234155] pci 0000:00:16.4: [15ad:07a0] type 01 class 0x060400
[    0.234695] pci 0000:00:16.4: PME# supported from D0 D3hot D3cold
[    0.234974] pci 0000:00:16.4: System wakeup disabled by ACPI
[    0.235132] pci 0000:00:16.5: [15ad:07a0] type 01 class 0x060400
[    0.236041] pci 0000:00:16.5: PME# supported from D0 D3hot D3cold
[    0.236203] pci 0000:00:16.5: System wakeup disabled by ACPI
[    0.236299] pci 0000:00:16.6: [15ad:07a0] type 01 class 0x060400
[    0.236923] pci 0000:00:16.6: PME# supported from D0 D3hot D3cold
[    0.237103] pci 0000:00:16.6: System wakeup disabled by ACPI
[    0.237211] pci 0000:00:16.7: [15ad:07a0] type 01 class 0x060400
[    0.237849] pci 0000:00:16.7: PME# supported from D0 D3hot D3cold
[    0.238019] pci 0000:00:16.7: System wakeup disabled by ACPI
[    0.238122] pci 0000:00:17.0: [15ad:07a0] type 01 class 0x060400
[    0.238675] pci 0000:00:17.0: PME# supported from D0 D3hot D3cold
[    0.238942] pci 0000:00:17.0: System wakeup disabled by ACPI
[    0.239074] pci 0000:00:17.1: [15ad:07a0] type 01 class 0x060400
[    0.239659] pci 0000:00:17.1: PME# supported from D0 D3hot D3cold
[    0.239891] pci 0000:00:17.1: System wakeup disabled by ACPI
[    0.239995] pci 0000:00:17.2: [15ad:07a0] type 01 class 0x060400
[    0.240578] pci 0000:00:17.2: PME# supported from D0 D3hot D3cold
[    0.240815] pci 0000:00:17.2: System wakeup disabled by ACPI
[    0.240976] pci 0000:00:17.3: [15ad:07a0] type 01 class 0x060400
[    0.241566] pci 0000:00:17.3: PME# supported from D0 D3hot D3cold
[    0.241740] pci 0000:00:17.3: System wakeup disabled by ACPI
[    0.241914] pci 0000:00:17.4: [15ad:07a0] type 01 class 0x060400
[    0.242455] pci 0000:00:17.4: PME# supported from D0 D3hot D3cold
[    0.242621] pci 0000:00:17.4: System wakeup disabled by ACPI
[    0.242723] pci 0000:00:17.5: [15ad:07a0] type 01 class 0x060400
[    0.243424] pci 0000:00:17.5: PME# supported from D0 D3hot D3cold
[    0.243586] pci 0000:00:17.5: System wakeup disabled by ACPI
[    0.243687] pci 0000:00:17.6: [15ad:07a0] type 01 class 0x060400
[    0.244253] pci 0000:00:17.6: PME# supported from D0 D3hot D3cold
[    0.244409] pci 0000:00:17.6: System wakeup disabled by ACPI
[    0.244505] pci 0000:00:17.7: [15ad:07a0] type 01 class 0x060400
[    0.245081] pci 0000:00:17.7: PME# supported from D0 D3hot D3cold
[    0.245242] pci 0000:00:17.7: System wakeup disabled by ACPI
[    0.245344] pci 0000:00:18.0: [15ad:07a0] type 01 class 0x060400
[    0.245927] pci 0000:00:18.0: PME# supported from D0 D3hot D3cold
[    0.246084] pci 0000:00:18.0: System wakeup disabled by ACPI
[    0.246181] pci 0000:00:18.1: [15ad:07a0] type 01 class 0x060400
[    0.246692] pci 0000:00:18.1: PME# supported from D0 D3hot D3cold
[    0.246978] pci 0000:00:18.1: System wakeup disabled by ACPI
[    0.247087] pci 0000:00:18.2: [15ad:07a0] type 01 class 0x060400
[    0.247670] pci 0000:00:18.2: PME# supported from D0 D3hot D3cold
[    0.247901] pci 0000:00:18.2: System wakeup disabled by ACPI
[    0.248005] pci 0000:00:18.3: [15ad:07a0] type 01 class 0x060400
[    0.248587] pci 0000:00:18.3: PME# supported from D0 D3hot D3cold
[    0.248821] pci 0000:00:18.3: System wakeup disabled by ACPI
[    0.248929] pci 0000:00:18.4: [15ad:07a0] type 01 class 0x060400
[    0.249519] pci 0000:00:18.4: PME# supported from D0 D3hot D3cold
[    0.249694] pci 0000:00:18.4: System wakeup disabled by ACPI
[    0.249869] pci 0000:00:18.5: [15ad:07a0] type 01 class 0x060400
[    0.250452] pci 0000:00:18.5: PME# supported from D0 D3hot D3cold
[    0.250632] pci 0000:00:18.5: System wakeup disabled by ACPI
[    0.250797] pci 0000:00:18.6: [15ad:07a0] type 01 class 0x060400
[    0.251429] pci 0000:00:18.6: PME# supported from D0 D3hot D3cold
[    0.251604] pci 0000:00:18.6: System wakeup disabled by ACPI
[    0.251738] pci 0000:00:18.7: [15ad:07a0] type 01 class 0x060400
[    0.252553] pci 0000:00:18.7: PME# supported from D0 D3hot D3cold
[    0.252741] pci 0000:00:18.7: System wakeup disabled by ACPI
[    0.252934] pci 0000:00:01.0: PCI bridge to [bus 01]
[    0.253221] acpiphp: Slot [32] registered
[    0.253239] acpiphp: Slot [33] registered
[    0.253255] acpiphp: Slot [34] registered
[    0.253270] acpiphp: Slot [35] registered
[    0.253285] acpiphp: Slot [36] registered
[    0.253310] acpiphp: Slot [37] registered
[    0.253327] acpiphp: Slot [38] registered
[    0.253342] acpiphp: Slot [39] registered
[    0.253357] acpiphp: Slot [40] registered
[    0.253372] acpiphp: Slot [41] registered
[    0.253387] acpiphp: Slot [42] registered
[    0.253402] acpiphp: Slot [43] registered
[    0.253416] acpiphp: Slot [44] registered
[    0.253431] acpiphp: Slot [45] registered
[    0.253446] acpiphp: Slot [46] registered
[    0.253460] acpiphp: Slot [47] registered
[    0.253475] acpiphp: Slot [48] registered
[    0.253490] acpiphp: Slot [49] registered
[    0.253508] acpiphp: Slot [50] registered
[    0.253523] acpiphp: Slot [51] registered
[    0.253541] acpiphp: Slot [52] registered
[    0.253557] acpiphp: Slot [53] registered
[    0.253571] acpiphp: Slot [54] registered
[    0.253586] acpiphp: Slot [55] registered
[    0.253601] acpiphp: Slot [56] registered
[    0.253615] acpiphp: Slot [57] registered
[    0.253630] acpiphp: Slot [58] registered
[    0.253645] acpiphp: Slot [59] registered
[    0.253660] acpiphp: Slot [60] registered
[    0.253674] acpiphp: Slot [61] registered
[    0.253689] acpiphp: Slot [62] registered
[    0.253739] acpiphp: Slot [63] registered
[    0.253819] pci 0000:02:00.0: [15ad:0774] type 00 class 0x0c0300
[    0.254662] pci 0000:02:00.0: reg 0x20: [io  0x2080-0x209f]
[    0.255417] pci 0000:02:00.0: System wakeup disabled by ACPI
[    0.255510] pci 0000:02:01.0: [8086:100f] type 00 class 0x020000
[    0.256042] pci 0000:02:01.0: reg 0x10: [mem 0xfd5c0000-0xfd5dffff 64bit]
[    0.256438] pci 0000:02:01.0: reg 0x18: [mem 0xfdff0000-0xfdffffff 64bit]
[    0.256832] pci 0000:02:01.0: reg 0x20: [io  0x2000-0x203f]
[    0.257500] pci 0000:02:01.0: reg 0x30: [mem 0x00000000-0x0000ffff pref]
[    0.257825] pci 0000:02:01.0: PME# supported from D0 D3hot D3cold
[    0.257957] pci 0000:02:01.0: System wakeup disabled by ACPI
[    0.258042] pci 0000:02:02.0: [1274:1371] type 00 class 0x040100
[    0.258264] pci 0000:02:02.0: reg 0x10: [io  0x2040-0x207f]
[    0.259796] pci 0000:02:02.0: System wakeup disabled by ACPI
[    0.259876] pci 0000:02:03.0: [15ad:0770] type 00 class 0x0c0320
[    0.260089] pci 0000:02:03.0: reg 0x10: [mem 0xfd5ef000-0xfd5effff]
[    0.261537] pci 0000:02:03.0: System wakeup disabled by ACPI
[    0.261674] pci 0000:02:05.0: [15ad:07e0] type 00 class 0x010601
[    0.262649] pci 0000:02:05.0: reg 0x24: [mem 0xfd5ee000-0xfd5eefff]
[    0.262927] pci 0000:02:05.0: reg 0x30: [mem 0x00000000-0x0000ffff pref]
[    0.263257] pci 0000:02:05.0: PME# supported from D3hot
[    0.263384] pci 0000:02:05.0: System wakeup disabled by ACPI
[    0.263610] pci 0000:00:11.0: PCI bridge to [bus 02] (subtractive decode)
[    0.263625] pci 0000:00:11.0:   bridge window [io  0x2000-0x3fff]
[    0.263642] pci 0000:00:11.0:   bridge window [mem 0xfd500000-0xfdffffff]
[    0.263692] pci 0000:00:11.0:   bridge window [mem 0xe7b00000-0xe7ffffff 64bit pref]
[    0.263693] pci 0000:00:11.0:   bridge window [mem 0x000a0000-0x000bffff window] (subtractive decode)
[    0.263703] pci 0000:00:11.0:   bridge window [mem 0x000d0000-0x000d3fff window] (subtractive decode)
[    0.263704] pci 0000:00:11.0:   bridge window [mem 0x000d4000-0x000d7fff window] (subtractive decode)
[    0.263705] pci 0000:00:11.0:   bridge window [mem 0x000d8000-0x000dbfff window] (subtractive decode)
[    0.263705] pci 0000:00:11.0:   bridge window [mem 0xc0000000-0xfebfffff window] (subtractive decode)
[    0.263706] pci 0000:00:11.0:   bridge window [io  0x0000-0x0cf7 window] (subtractive decode)
[    0.263706] pci 0000:00:11.0:   bridge window [io  0x0d00-0xfeff window] (subtractive decode)
[    0.263975] pci 0000:00:15.0: PCI bridge to [bus 03]
[    0.263992] pci 0000:00:15.0:   bridge window [io  0x4000-0x4fff]
[    0.264008] pci 0000:00:15.0:   bridge window [mem 0xfd400000-0xfd4fffff]
[    0.264039] pci 0000:00:15.0:   bridge window [mem 0xe7a00000-0xe7afffff 64bit pref]
[    0.264273] pci 0000:00:15.1: PCI bridge to [bus 04]
[    0.264290] pci 0000:00:15.1:   bridge window [io  0x8000-0x8fff]
[    0.264306] pci 0000:00:15.1:   bridge window [mem 0xfd000000-0xfd0fffff]
[    0.264337] pci 0000:00:15.1:   bridge window [mem 0xe7600000-0xe76fffff 64bit pref]
[    0.264563] pci 0000:00:15.2: PCI bridge to [bus 05]
[    0.264580] pci 0000:00:15.2:   bridge window [io  0xc000-0xcfff]
[    0.264596] pci 0000:00:15.2:   bridge window [mem 0xfcc00000-0xfccfffff]
[    0.264627] pci 0000:00:15.2:   bridge window [mem 0xe7200000-0xe72fffff 64bit pref]
[    0.264905] pci 0000:00:15.3: PCI bridge to [bus 06]
[    0.264936] pci 0000:00:15.3:   bridge window [mem 0xfc800000-0xfc8fffff]
[    0.264966] pci 0000:00:15.3:   bridge window [mem 0xe6e00000-0xe6efffff 64bit pref]
[    0.265197] pci 0000:00:15.4: PCI bridge to [bus 07]
[    0.265229] pci 0000:00:15.4:   bridge window [mem 0xfc400000-0xfc4fffff]
[    0.265259] pci 0000:00:15.4:   bridge window [mem 0xe6a00000-0xe6afffff 64bit pref]
[    0.265501] pci 0000:00:15.5: PCI bridge to [bus 08]
[    0.265532] pci 0000:00:15.5:   bridge window [mem 0xfc000000-0xfc0fffff]
[    0.265563] pci 0000:00:15.5:   bridge window [mem 0xe6600000-0xe66fffff 64bit pref]
[    0.265933] pci 0000:00:15.6: PCI bridge to [bus 09]
[    0.265965] pci 0000:00:15.6:   bridge window [mem 0xfbc00000-0xfbcfffff]
[    0.265995] pci 0000:00:15.6:   bridge window [mem 0xe6200000-0xe62fffff 64bit pref]
[    0.266225] pci 0000:00:15.7: PCI bridge to [bus 0a]
[    0.266257] pci 0000:00:15.7:   bridge window [mem 0xfb800000-0xfb8fffff]
[    0.266287] pci 0000:00:15.7:   bridge window [mem 0xe5e00000-0xe5efffff 64bit pref]
[    0.266519] pci 0000:00:16.0: PCI bridge to [bus 0b]
[    0.266535] pci 0000:00:16.0:   bridge window [io  0x5000-0x5fff]
[    0.266551] pci 0000:00:16.0:   bridge window [mem 0xfd300000-0xfd3fffff]
[    0.266582] pci 0000:00:16.0:   bridge window [mem 0xe7900000-0xe79fffff 64bit pref]
[    0.266882] pci 0000:00:16.1: PCI bridge to [bus 0c]
[    0.266900] pci 0000:00:16.1:   bridge window [io  0x9000-0x9fff]
[    0.266917] pci 0000:00:16.1:   bridge window [mem 0xfcf00000-0xfcffffff]
[    0.266951] pci 0000:00:16.1:   bridge window [mem 0xe7500000-0xe75fffff 64bit pref]
[    0.267199] pci 0000:00:16.2: PCI bridge to [bus 0d]
[    0.267217] pci 0000:00:16.2:   bridge window [io  0xd000-0xdfff]
[    0.267234] pci 0000:00:16.2:   bridge window [mem 0xfcb00000-0xfcbfffff]
[    0.267268] pci 0000:00:16.2:   bridge window [mem 0xe7100000-0xe71fffff 64bit pref]
[    0.267512] pci 0000:00:16.3: PCI bridge to [bus 0e]
[    0.267545] pci 0000:00:16.3:   bridge window [mem 0xfc700000-0xfc7fffff]
[    0.267579] pci 0000:00:16.3:   bridge window [mem 0xe6d00000-0xe6dfffff 64bit pref]
[    0.267867] pci 0000:00:16.4: PCI bridge to [bus 0f]
[    0.267901] pci 0000:00:16.4:   bridge window [mem 0xfc300000-0xfc3fffff]
[    0.267934] pci 0000:00:16.4:   bridge window [mem 0xe6900000-0xe69fffff 64bit pref]
[    0.268191] pci 0000:00:16.5: PCI bridge to [bus 10]
[    0.268225] pci 0000:00:16.5:   bridge window [mem 0xfbf00000-0xfbffffff]
[    0.268259] pci 0000:00:16.5:   bridge window [mem 0xe6500000-0xe65fffff 64bit pref]
[    0.268557] pci 0000:00:16.6: PCI bridge to [bus 11]
[    0.268602] pci 0000:00:16.6:   bridge window [mem 0xfbb00000-0xfbbfffff]
[    0.268644] pci 0000:00:16.6:   bridge window [mem 0xe6100000-0xe61fffff 64bit pref]
[    0.268939] pci 0000:00:16.7: PCI bridge to [bus 12]
[    0.268975] pci 0000:00:16.7:   bridge window [mem 0xfb700000-0xfb7fffff]
[    0.269010] pci 0000:00:16.7:   bridge window [mem 0xe5d00000-0xe5dfffff 64bit pref]
[    0.269285] pci 0000:00:17.0: PCI bridge to [bus 13]
[    0.269304] pci 0000:00:17.0:   bridge window [io  0x6000-0x6fff]
[    0.269323] pci 0000:00:17.0:   bridge window [mem 0xfd200000-0xfd2fffff]
[    0.269365] pci 0000:00:17.0:   bridge window [mem 0xe7800000-0xe78fffff 64bit pref]
[    0.269635] pci 0000:00:17.1: PCI bridge to [bus 14]
[    0.269655] pci 0000:00:17.1:   bridge window [io  0xa000-0xafff]
[    0.269694] pci 0000:00:17.1:   bridge window [mem 0xfce00000-0xfcefffff]
[    0.269767] pci 0000:00:17.1:   bridge window [mem 0xe7400000-0xe74fffff 64bit pref]
[    0.270037] pci 0000:00:17.2: PCI bridge to [bus 15]
[    0.270055] pci 0000:00:17.2:   bridge window [io  0xe000-0xefff]
[    0.270072] pci 0000:00:17.2:   bridge window [mem 0xfca00000-0xfcafffff]
[    0.270105] pci 0000:00:17.2:   bridge window [mem 0xe7000000-0xe70fffff 64bit pref]
[    0.270360] pci 0000:00:17.3: PCI bridge to [bus 16]
[    0.270395] pci 0000:00:17.3:   bridge window [mem 0xfc600000-0xfc6fffff]
[    0.270428] pci 0000:00:17.3:   bridge window [mem 0xe6c00000-0xe6cfffff 64bit pref]
[    0.270705] pci 0000:00:17.4: PCI bridge to [bus 17]
[    0.270741] pci 0000:00:17.4:   bridge window [mem 0xfc200000-0xfc2fffff]
[    0.270789] pci 0000:00:17.4:   bridge window [mem 0xe6800000-0xe68fffff 64bit pref]
[    0.271035] pci 0000:00:17.5: PCI bridge to [bus 18]
[    0.271069] pci 0000:00:17.5:   bridge window [mem 0xfbe00000-0xfbefffff]
[    0.271102] pci 0000:00:17.5:   bridge window [mem 0xe6400000-0xe64fffff 64bit pref]
[    0.271352] pci 0000:00:17.6: PCI bridge to [bus 19]
[    0.271387] pci 0000:00:17.6:   bridge window [mem 0xfba00000-0xfbafffff]
[    0.271420] pci 0000:00:17.6:   bridge window [mem 0xe6000000-0xe60fffff 64bit pref]
[    0.271695] pci 0000:00:17.7: PCI bridge to [bus 1a]
[    0.271731] pci 0000:00:17.7:   bridge window [mem 0xfb600000-0xfb6fffff]
[    0.271794] pci 0000:00:17.7:   bridge window [mem 0xe5c00000-0xe5cfffff 64bit pref]
[    0.272032] pci 0000:00:18.0: PCI bridge to [bus 1b]
[    0.272049] pci 0000:00:18.0:   bridge window [io  0x7000-0x7fff]
[    0.272066] pci 0000:00:18.0:   bridge window [mem 0xfd100000-0xfd1fffff]
[    0.272097] pci 0000:00:18.0:   bridge window [mem 0xe7700000-0xe77fffff 64bit pref]
[    0.272334] pci 0000:00:18.1: PCI bridge to [bus 1c]
[    0.272351] pci 0000:00:18.1:   bridge window [io  0xb000-0xbfff]
[    0.272368] pci 0000:00:18.1:   bridge window [mem 0xfcd00000-0xfcdfffff]
[    0.272399] pci 0000:00:18.1:   bridge window [mem 0xe7300000-0xe73fffff 64bit pref]
[    0.272637] pci 0000:00:18.2: PCI bridge to [bus 1d]
[    0.272699] pci 0000:00:18.2:   bridge window [mem 0xfc900000-0xfc9fffff]
[    0.272751] pci 0000:00:18.2:   bridge window [mem 0xe6f00000-0xe6ffffff 64bit pref]
[    0.272984] pci 0000:00:18.3: PCI bridge to [bus 1e]
[    0.273017] pci 0000:00:18.3:   bridge window [mem 0xfc500000-0xfc5fffff]
[    0.273048] pci 0000:00:18.3:   bridge window [mem 0xe6b00000-0xe6bfffff 64bit pref]
[    0.273289] pci 0000:00:18.4: PCI bridge to [bus 1f]
[    0.273321] pci 0000:00:18.4:   bridge window [mem 0xfc100000-0xfc1fffff]
[    0.273353] pci 0000:00:18.4:   bridge window [mem 0xe6700000-0xe67fffff 64bit pref]
[    0.273602] pci 0000:00:18.5: PCI bridge to [bus 20]
[    0.273634] pci 0000:00:18.5:   bridge window [mem 0xfbd00000-0xfbdfffff]
[    0.273726] pci 0000:00:18.5:   bridge window [mem 0xe6300000-0xe63fffff 64bit pref]
[    0.274040] pci 0000:00:18.6: PCI bridge to [bus 21]
[    0.274072] pci 0000:00:18.6:   bridge window [mem 0xfb900000-0xfb9fffff]
[    0.274104] pci 0000:00:18.6:   bridge window [mem 0xe5f00000-0xe5ffffff 64bit pref]
[    0.274342] pci 0000:00:18.7: PCI bridge to [bus 22]
[    0.274375] pci 0000:00:18.7:   bridge window [mem 0xfb500000-0xfb5fffff]
[    0.274406] pci 0000:00:18.7:   bridge window [mem 0xe5b00000-0xe5bfffff 64bit pref]
[    0.276810] ACPI: PCI Interrupt Link [LNKA] (IRQs 3 4 5 6 7 *9 10 11 14 15)
[    0.276892] ACPI: PCI Interrupt Link [LNKB] (IRQs 3 4 5 6 7 9 10 *11 14 15)
[    0.276974] ACPI: PCI Interrupt Link [LNKC] (IRQs 3 4 5 6 7 9 *10 11 14 15)
[    0.277053] ACPI: PCI Interrupt Link [LNKD] (IRQs 3 4 5 6 *7 9 10 11 14 15)
[    0.290316] ACPI: Enabled 2 GPEs in block 00 to 0F
[    0.316075] pci 0000:00:0f.0: vgaarb: setting as boot VGA device
[    0.316077] pci 0000:00:0f.0: vgaarb: VGA device added: decodes=io+mem,owns=io+mem,locks=none
[    0.316085] pci 0000:00:0f.0: vgaarb: bridge control possible
[    0.316085] vgaarb: loaded
[    0.316229] SCSI subsystem initialized
[    0.316295] libata version 3.00 loaded.
[    0.316307] ACPI: bus type USB registered
[    0.316323] usbcore: registered new interface driver usbfs
[    0.316328] usbcore: registered new interface driver hub
[    0.316349] usbcore: registered new device driver usb
[    0.316452] PCI: Using ACPI for IRQ routing
[    0.320174] PCI: pci_cache_line_size set to 64 bytes
[    0.321079] e820: reserve RAM buffer [mem 0x0009e800-0x0009ffff]
[    0.321080] e820: reserve RAM buffer [mem 0x7fee0000-0x7fffffff]
[    0.321159] NetLabel: Initializing
[    0.321159] NetLabel:  domain hash size = 128
[    0.321160] NetLabel:  protocols = UNLABELED CIPSOv4 CALIPSO
[    0.321167] NetLabel:  unlabeled traffic allowed by default
[    0.321979] hpet0: at MMIO 0xfed00000, IRQs 2, 8, 0, 0, 0, 0, 0, 0, 0, 0, 0, 0, 0, 0, 0, 0
[    0.321983] hpet0: 16 comparators, 64-bit 14.318180 MHz counter
[    0.326047] clocksource: Switched to clocksource hpet
[    0.333499] VFS: Disk quotas dquot_6.6.0
[    0.333544] VFS: Dquot-cache hash table entries: 512 (order 0, 4096 bytes)
[    0.333647] AppArmor: AppArmor Filesystem Enabled
[    0.333674] pnp: PnP ACPI init
[    0.333847] system 00:00: [io  0x1000-0x103f] has been reserved
[    0.333848] system 00:00: [io  0x1040-0x104f] has been reserved
[    0.333850] system 00:00: [io  0x0cf0-0x0cf1] has been reserved
[    0.333852] system 00:00: Plug and Play ACPI device, IDs PNP0c02 (active)
[    0.333872] pnp 00:01: Plug and Play ACPI device, IDs PNP0b00 (active)
[    0.333885] pnp 00:02: Plug and Play ACPI device, IDs PNP0303 (active)
[    0.333904] pnp 00:03: Plug and Play ACPI device, IDs VMW0003 PNP0f13 (active)
[    0.334115] system 00:04: [mem 0xfed00000-0xfed003ff] has been reserved
[    0.334117] system 00:04: Plug and Play ACPI device, IDs PNP0103 PNP0c01 (active)
[    0.335938] pnp 00:05: Plug and Play ACPI device, IDs PNP0501 (active)
[    0.336256] system 00:06: [io  0xfce0-0xfcff] has been reserved
[    0.336257] system 00:06: [mem 0xf0000000-0xf7ffffff] has been reserved
[    0.336259] system 00:06: [mem 0xfe800000-0xfe9fffff] has been reserved
[    0.336261] system 00:06: Plug and Play ACPI device, IDs PNP0c02 (active)
[    0.341084] pnp: PnP ACPI: found 7 devices
[    0.346284] clocksource: acpi_pm: mask: 0xffffff max_cycles: 0xffffff, max_idle_ns: 2085701024 ns
[    0.346644] pci 0000:00:15.3: bridge window [io  0x1000-0x0fff] to [bus 06] add_size 1000
[    0.346713] pci 0000:00:15.4: bridge window [io  0x1000-0x0fff] to [bus 07] add_size 1000
[    0.346801] pci 0000:00:15.5: bridge window [io  0x1000-0x0fff] to [bus 08] add_size 1000
[    0.346860] pci 0000:00:15.6: bridge window [io  0x1000-0x0fff] to [bus 09] add_size 1000
[    0.346919] pci 0000:00:15.7: bridge window [io  0x1000-0x0fff] to [bus 0a] add_size 1000
[    0.347151] pci 0000:00:16.3: bridge window [io  0x1000-0x0fff] to [bus 0e] add_size 1000
[    0.347215] pci 0000:00:16.4: bridge window [io  0x1000-0x0fff] to [bus 0f] add_size 1000
[    0.347275] pci 0000:00:16.5: bridge window [io  0x1000-0x0fff] to [bus 10] add_size 1000
[    0.347334] pci 0000:00:16.6: bridge window [io  0x1000-0x0fff] to [bus 11] add_size 1000
[    0.347394] pci 0000:00:16.7: bridge window [io  0x1000-0x0fff] to [bus 12] add_size 1000
[    0.347634] pci 0000:00:17.3: bridge window [io  0x1000-0x0fff] to [bus 16] add_size 1000
[    0.347693] pci 0000:00:17.4: bridge window [io  0x1000-0x0fff] to [bus 17] add_size 1000
[    0.347752] pci 0000:00:17.5: bridge window [io  0x1000-0x0fff] to [bus 18] add_size 1000
[    0.347811] pci 0000:00:17.6: bridge window [io  0x1000-0x0fff] to [bus 19] add_size 1000
[    0.347881] pci 0000:00:17.7: bridge window [io  0x1000-0x0fff] to [bus 1a] add_size 1000
[    0.348063] pci 0000:00:18.2: bridge window [io  0x1000-0x0fff] to [bus 1d] add_size 1000
[    0.348123] pci 0000:00:18.3: bridge window [io  0x1000-0x0fff] to [bus 1e] add_size 1000
[    0.348182] pci 0000:00:18.4: bridge window [io  0x1000-0x0fff] to [bus 1f] add_size 1000
[    0.348241] pci 0000:00:18.5: bridge window [io  0x1000-0x0fff] to [bus 20] add_size 1000
[    0.348300] pci 0000:00:18.6: bridge window [io  0x1000-0x0fff] to [bus 21] add_size 1000
[    0.348359] pci 0000:00:18.7: bridge window [io  0x1000-0x0fff] to [bus 22] add_size 1000
[    0.348372] pci 0000:00:15.3: res[13]=[io  0x1000-0x0fff] res_to_dev_res add_size 1000 min_align 1000
[    0.348373] pci 0000:00:15.3: res[13]=[io  0x1000-0x1fff] res_to_dev_res add_size 1000 min_align 1000
[    0.348374] pci 0000:00:15.4: res[13]=[io  0x1000-0x0fff] res_to_dev_res add_size 1000 min_align 1000
[    0.348374] pci 0000:00:15.4: res[13]=[io  0x1000-0x1fff] res_to_dev_res add_size 1000 min_align 1000
[    0.348375] pci 0000:00:15.5: res[13]=[io  0x1000-0x0fff] res_to_dev_res add_size 1000 min_align 1000
[    0.348376] pci 0000:00:15.5: res[13]=[io  0x1000-0x1fff] res_to_dev_res add_size 1000 min_align 1000
[    0.348376] pci 0000:00:15.6: res[13]=[io  0x1000-0x0fff] res_to_dev_res add_size 1000 min_align 1000
[    0.348377] pci 0000:00:15.6: res[13]=[io  0x1000-0x1fff] res_to_dev_res add_size 1000 min_align 1000
[    0.348378] pci 0000:00:15.7: res[13]=[io  0x1000-0x0fff] res_to_dev_res add_size 1000 min_align 1000
[    0.348379] pci 0000:00:15.7: res[13]=[io  0x1000-0x1fff] res_to_dev_res add_size 1000 min_align 1000
[    0.348379] pci 0000:00:16.3: res[13]=[io  0x1000-0x0fff] res_to_dev_res add_size 1000 min_align 1000
[    0.348380] pci 0000:00:16.3: res[13]=[io  0x1000-0x1fff] res_to_dev_res add_size 1000 min_align 1000
[    0.348381] pci 0000:00:16.4: res[13]=[io  0x1000-0x0fff] res_to_dev_res add_size 1000 min_align 1000
[    0.348381] pci 0000:00:16.4: res[13]=[io  0x1000-0x1fff] res_to_dev_res add_size 1000 min_align 1000
[    0.348382] pci 0000:00:16.5: res[13]=[io  0x1000-0x0fff] res_to_dev_res add_size 1000 min_align 1000
[    0.348383] pci 0000:00:16.5: res[13]=[io  0x1000-0x1fff] res_to_dev_res add_size 1000 min_align 1000
[    0.348383] pci 0000:00:16.6: res[13]=[io  0x1000-0x0fff] res_to_dev_res add_size 1000 min_align 1000
[    0.348384] pci 0000:00:16.6: res[13]=[io  0x1000-0x1fff] res_to_dev_res add_size 1000 min_align 1000
[    0.348385] pci 0000:00:16.7: res[13]=[io  0x1000-0x0fff] res_to_dev_res add_size 1000 min_align 1000
[    0.348385] pci 0000:00:16.7: res[13]=[io  0x1000-0x1fff] res_to_dev_res add_size 1000 min_align 1000
[    0.348386] pci 0000:00:17.3: res[13]=[io  0x1000-0x0fff] res_to_dev_res add_size 1000 min_align 1000
[    0.348387] pci 0000:00:17.3: res[13]=[io  0x1000-0x1fff] res_to_dev_res add_size 1000 min_align 1000
[    0.348387] pci 0000:00:17.4: res[13]=[io  0x1000-0x0fff] res_to_dev_res add_size 1000 min_align 1000
[    0.348388] pci 0000:00:17.4: res[13]=[io  0x1000-0x1fff] res_to_dev_res add_size 1000 min_align 1000
[    0.348389] pci 0000:00:17.5: res[13]=[io  0x1000-0x0fff] res_to_dev_res add_size 1000 min_align 1000
[    0.348389] pci 0000:00:17.5: res[13]=[io  0x1000-0x1fff] res_to_dev_res add_size 1000 min_align 1000
[    0.348390] pci 0000:00:17.6: res[13]=[io  0x1000-0x0fff] res_to_dev_res add_size 1000 min_align 1000
[    0.348391] pci 0000:00:17.6: res[13]=[io  0x1000-0x1fff] res_to_dev_res add_size 1000 min_align 1000
[    0.348392] pci 0000:00:17.7: res[13]=[io  0x1000-0x0fff] res_to_dev_res add_size 1000 min_align 1000
[    0.348392] pci 0000:00:17.7: res[13]=[io  0x1000-0x1fff] res_to_dev_res add_size 1000 min_align 1000
[    0.348393] pci 0000:00:18.2: res[13]=[io  0x1000-0x0fff] res_to_dev_res add_size 1000 min_align 1000
[    0.348394] pci 0000:00:18.2: res[13]=[io  0x1000-0x1fff] res_to_dev_res add_size 1000 min_align 1000
[    0.348394] pci 0000:00:18.3: res[13]=[io  0x1000-0x0fff] res_to_dev_res add_size 1000 min_align 1000
[    0.348395] pci 0000:00:18.3: res[13]=[io  0x1000-0x1fff] res_to_dev_res add_size 1000 min_align 1000
[    0.348396] pci 0000:00:18.4: res[13]=[io  0x1000-0x0fff] res_to_dev_res add_size 1000 min_align 1000
[    0.348396] pci 0000:00:18.4: res[13]=[io  0x1000-0x1fff] res_to_dev_res add_size 1000 min_align 1000
[    0.348397] pci 0000:00:18.5: res[13]=[io  0x1000-0x0fff] res_to_dev_res add_size 1000 min_align 1000
[    0.348398] pci 0000:00:18.5: res[13]=[io  0x1000-0x1fff] res_to_dev_res add_size 1000 min_align 1000
[    0.348398] pci 0000:00:18.6: res[13]=[io  0x1000-0x0fff] res_to_dev_res add_size 1000 min_align 1000
[    0.348399] pci 0000:00:18.6: res[13]=[io  0x1000-0x1fff] res_to_dev_res add_size 1000 min_align 1000
[    0.348400] pci 0000:00:18.7: res[13]=[io  0x1000-0x0fff] res_to_dev_res add_size 1000 min_align 1000
[    0.348400] pci 0000:00:18.7: res[13]=[io  0x1000-0x1fff] res_to_dev_res add_size 1000 min_align 1000
[    0.348404] pci 0000:00:0f.0: BAR 6: assigned [mem 0xc0000000-0xc0007fff pref]
[    0.348406] pci 0000:00:10.0: BAR 6: assigned [mem 0xc0008000-0xc000bfff pref]
[    0.348408] pci 0000:00:15.3: BAR 13: no space for [io  size 0x1000]
[    0.348409] pci 0000:00:15.3: BAR 13: failed to assign [io  size 0x1000]
[    0.348410] pci 0000:00:15.4: BAR 13: no space for [io  size 0x1000]
[    0.348411] pci 0000:00:15.4: BAR 13: failed to assign [io  size 0x1000]
[    0.348412] pci 0000:00:15.5: BAR 13: no space for [io  size 0x1000]
[    0.348412] pci 0000:00:15.5: BAR 13: failed to assign [io  size 0x1000]
[    0.348413] pci 0000:00:15.6: BAR 13: no space for [io  size 0x1000]
[    0.348414] pci 0000:00:15.6: BAR 13: failed to assign [io  size 0x1000]
[    0.348415] pci 0000:00:15.7: BAR 13: no space for [io  size 0x1000]
[    0.348416] pci 0000:00:15.7: BAR 13: failed to assign [io  size 0x1000]
[    0.348417] pci 0000:00:16.3: BAR 13: no space for [io  size 0x1000]
[    0.348417] pci 0000:00:16.3: BAR 13: failed to assign [io  size 0x1000]
[    0.348418] pci 0000:00:16.4: BAR 13: no space for [io  size 0x1000]
[    0.348419] pci 0000:00:16.4: BAR 13: failed to assign [io  size 0x1000]
[    0.348420] pci 0000:00:16.5: BAR 13: no space for [io  size 0x1000]
[    0.348420] pci 0000:00:16.5: BAR 13: failed to assign [io  size 0x1000]
[    0.348421] pci 0000:00:16.6: BAR 13: no space for [io  size 0x1000]
[    0.348422] pci 0000:00:16.6: BAR 13: failed to assign [io  size 0x1000]
[    0.348423] pci 0000:00:16.7: BAR 13: no space for [io  size 0x1000]
[    0.348423] pci 0000:00:16.7: BAR 13: failed to assign [io  size 0x1000]
[    0.348425] pci 0000:00:17.3: BAR 13: no space for [io  size 0x1000]
[    0.348425] pci 0000:00:17.3: BAR 13: failed to assign [io  size 0x1000]
[    0.348426] pci 0000:00:17.4: BAR 13: no space for [io  size 0x1000]
[    0.348427] pci 0000:00:17.4: BAR 13: failed to assign [io  size 0x1000]
[    0.348428] pci 0000:00:17.5: BAR 13: no space for [io  size 0x1000]
[    0.348428] pci 0000:00:17.5: BAR 13: failed to assign [io  size 0x1000]
[    0.348429] pci 0000:00:17.6: BAR 13: no space for [io  size 0x1000]
[    0.348430] pci 0000:00:17.6: BAR 13: failed to assign [io  size 0x1000]
[    0.348431] pci 0000:00:17.7: BAR 13: no space for [io  size 0x1000]
[    0.348431] pci 0000:00:17.7: BAR 13: failed to assign [io  size 0x1000]
[    0.348432] pci 0000:00:18.2: BAR 13: no space for [io  size 0x1000]
[    0.348433] pci 0000:00:18.2: BAR 13: failed to assign [io  size 0x1000]
[    0.348434] pci 0000:00:18.3: BAR 13: no space for [io  size 0x1000]
[    0.348434] pci 0000:00:18.3: BAR 13: failed to assign [io  size 0x1000]
[    0.348435] pci 0000:00:18.4: BAR 13: no space for [io  size 0x1000]
[    0.348436] pci 0000:00:18.4: BAR 13: failed to assign [io  size 0x1000]
[    0.348437] pci 0000:00:18.5: BAR 13: no space for [io  size 0x1000]
[    0.348438] pci 0000:00:18.5: BAR 13: failed to assign [io  size 0x1000]
[    0.348439] pci 0000:00:18.6: BAR 13: no space for [io  size 0x1000]
[    0.348439] pci 0000:00:18.6: BAR 13: failed to assign [io  size 0x1000]
[    0.348440] pci 0000:00:18.7: BAR 13: no space for [io  size 0x1000]
[    0.348441] pci 0000:00:18.7: BAR 13: failed to assign [io  size 0x1000]
[    0.348444] pci 0000:00:18.7: BAR 13: no space for [io  size 0x1000]
[    0.348444] pci 0000:00:18.7: BAR 13: failed to assign [io  size 0x1000]
[    0.348445] pci 0000:00:18.6: BAR 13: no space for [io  size 0x1000]
[    0.348446] pci 0000:00:18.6: BAR 13: failed to assign [io  size 0x1000]
[    0.348447] pci 0000:00:18.5: BAR 13: no space for [io  size 0x1000]
[    0.348447] pci 0000:00:18.5: BAR 13: failed to assign [io  size 0x1000]
[    0.348448] pci 0000:00:18.4: BAR 13: no space for [io  size 0x1000]
[    0.348449] pci 0000:00:18.4: BAR 13: failed to assign [io  size 0x1000]
[    0.348450] pci 0000:00:18.3: BAR 13: no space for [io  size 0x1000]
[    0.348451] pci 0000:00:18.3: BAR 13: failed to assign [io  size 0x1000]
[    0.348452] pci 0000:00:18.2: BAR 13: no space for [io  size 0x1000]
[    0.348452] pci 0000:00:18.2: BAR 13: failed to assign [io  size 0x1000]
[    0.348453] pci 0000:00:17.7: BAR 13: no space for [io  size 0x1000]
[    0.348454] pci 0000:00:17.7: BAR 13: failed to assign [io  size 0x1000]
[    0.348455] pci 0000:00:17.6: BAR 13: no space for [io  size 0x1000]
[    0.348455] pci 0000:00:17.6: BAR 13: failed to assign [io  size 0x1000]
[    0.348456] pci 0000:00:17.5: BAR 13: no space for [io  size 0x1000]
[    0.348457] pci 0000:00:17.5: BAR 13: failed to assign [io  size 0x1000]
[    0.348458] pci 0000:00:17.4: BAR 13: no space for [io  size 0x1000]
[    0.348459] pci 0000:00:17.4: BAR 13: failed to assign [io  size 0x1000]
[    0.348460] pci 0000:00:17.3: BAR 13: no space for [io  size 0x1000]
[    0.348460] pci 0000:00:17.3: BAR 13: failed to assign [io  size 0x1000]
[    0.348461] pci 0000:00:16.7: BAR 13: no space for [io  size 0x1000]
[    0.348462] pci 0000:00:16.7: BAR 13: failed to assign [io  size 0x1000]
[    0.348463] pci 0000:00:16.6: BAR 13: no space for [io  size 0x1000]
[    0.348463] pci 0000:00:16.6: BAR 13: failed to assign [io  size 0x1000]
[    0.348464] pci 0000:00:16.5: BAR 13: no space for [io  size 0x1000]
[    0.348465] pci 0000:00:16.5: BAR 13: failed to assign [io  size 0x1000]
[    0.348466] pci 0000:00:16.4: BAR 13: no space for [io  size 0x1000]
[    0.348467] pci 0000:00:16.4: BAR 13: failed to assign [io  size 0x1000]
[    0.348478] pci 0000:00:16.3: BAR 13: no space for [io  size 0x1000]
[    0.348479] pci 0000:00:16.3: BAR 13: failed to assign [io  size 0x1000]
[    0.348480] pci 0000:00:15.7: BAR 13: no space for [io  size 0x1000]
[    0.348481] pci 0000:00:15.7: BAR 13: failed to assign [io  size 0x1000]
[    0.348482] pci 0000:00:15.6: BAR 13: no space for [io  size 0x1000]
[    0.348482] pci 0000:00:15.6: BAR 13: failed to assign [io  size 0x1000]
[    0.348483] pci 0000:00:15.5: BAR 13: no space for [io  size 0x1000]
[    0.348484] pci 0000:00:15.5: BAR 13: failed to assign [io  size 0x1000]
[    0.348485] pci 0000:00:15.4: BAR 13: no space for [io  size 0x1000]
[    0.348485] pci 0000:00:15.4: BAR 13: failed to assign [io  size 0x1000]
[    0.348486] pci 0000:00:15.3: BAR 13: no space for [io  size 0x1000]
[    0.348487] pci 0000:00:15.3: BAR 13: failed to assign [io  size 0x1000]
[    0.348489] pci 0000:00:01.0: PCI bridge to [bus 01]
[    0.348582] pci 0000:02:01.0: BAR 6: assigned [mem 0xfd500000-0xfd50ffff pref]
[    0.348584] pci 0000:02:05.0: BAR 6: assigned [mem 0xfd510000-0xfd51ffff pref]
[    0.348585] pci 0000:00:11.0: PCI bridge to [bus 02]
[    0.348597] pci 0000:00:11.0:   bridge window [io  0x2000-0x3fff]
[    0.348627] pci 0000:00:11.0:   bridge window [mem 0xfd500000-0xfdffffff]
[    0.348648] pci 0000:00:11.0:   bridge window [mem 0xe7b00000-0xe7ffffff 64bit pref]
[    0.348688] pci 0000:00:15.0: PCI bridge to [bus 03]
[    0.348698] pci 0000:00:15.0:   bridge window [io  0x4000-0x4fff]
[    0.348729] pci 0000:00:15.0:   bridge window [mem 0xfd400000-0xfd4fffff]
[    0.348749] pci 0000:00:15.0:   bridge window [mem 0xe7a00000-0xe7afffff 64bit pref]
[    0.348826] pci 0000:00:15.1: PCI bridge to [bus 04]
[    0.348838] pci 0000:00:15.1:   bridge window [io  0x8000-0x8fff]
[    0.348868] pci 0000:00:15.1:   bridge window [mem 0xfd000000-0xfd0fffff]
[    0.348889] pci 0000:00:15.1:   bridge window [mem 0xe7600000-0xe76fffff 64bit pref]
[    0.348940] pci 0000:00:15.2: PCI bridge to [bus 05]
[    0.348952] pci 0000:00:15.2:   bridge window [io  0xc000-0xcfff]
[    0.348982] pci 0000:00:15.2:   bridge window [mem 0xfcc00000-0xfccfffff]
[    0.349002] pci 0000:00:15.2:   bridge window [mem 0xe7200000-0xe72fffff 64bit pref]
[    0.349053] pci 0000:00:15.3: PCI bridge to [bus 06]
[    0.349084] pci 0000:00:15.3:   bridge window [mem 0xfc800000-0xfc8fffff]
[    0.349104] pci 0000:00:15.3:   bridge window [mem 0xe6e00000-0xe6efffff 64bit pref]
[    0.349154] pci 0000:00:15.4: PCI bridge to [bus 07]
[    0.349185] pci 0000:00:15.4:   bridge window [mem 0xfc400000-0xfc4fffff]
[    0.349206] pci 0000:00:15.4:   bridge window [mem 0xe6a00000-0xe6afffff 64bit pref]
[    0.349256] pci 0000:00:15.5: PCI bridge to [bus 08]
[    0.349287] pci 0000:00:15.5:   bridge window [mem 0xfc000000-0xfc0fffff]
[    0.349307] pci 0000:00:15.5:   bridge window [mem 0xe6600000-0xe66fffff 64bit pref]
[    0.349357] pci 0000:00:15.6: PCI bridge to [bus 09]
[    0.349388] pci 0000:00:15.6:   bridge window [mem 0xfbc00000-0xfbcfffff]
[    0.349409] pci 0000:00:15.6:   bridge window [mem 0xe6200000-0xe62fffff 64bit pref]
[    0.349459] pci 0000:00:15.7: PCI bridge to [bus 0a]
[    0.349492] pci 0000:00:15.7:   bridge window [mem 0xfb800000-0xfb8fffff]
[    0.349513] pci 0000:00:15.7:   bridge window [mem 0xe5e00000-0xe5efffff 64bit pref]
[    0.349571] pci 0000:00:16.0: PCI bridge to [bus 0b]
[    0.349584] pci 0000:00:16.0:   bridge window [io  0x5000-0x5fff]
[    0.349615] pci 0000:00:16.0:   bridge window [mem 0xfd300000-0xfd3fffff]
[    0.349638] pci 0000:00:16.0:   bridge window [mem 0xe7900000-0xe79fffff 64bit pref]
[    0.349706] pci 0000:00:16.1: PCI bridge to [bus 0c]
[    0.349718] pci 0000:00:16.1:   bridge window [io  0x9000-0x9fff]
[    0.349751] pci 0000:00:16.1:   bridge window [mem 0xfcf00000-0xfcffffff]
[    0.349773] pci 0000:00:16.1:   bridge window [mem 0xe7500000-0xe75fffff 64bit pref]
[    0.349831] pci 0000:00:16.2: PCI bridge to [bus 0d]
[    0.349844] pci 0000:00:16.2:   bridge window [io  0xd000-0xdfff]
[    0.349877] pci 0000:00:16.2:   bridge window [mem 0xfcb00000-0xfcbfffff]
[    0.349897] pci 0000:00:16.2:   bridge window [mem 0xe7100000-0xe71fffff 64bit pref]
[    0.349956] pci 0000:00:16.3: PCI bridge to [bus 0e]
[    0.349987] pci 0000:00:16.3:   bridge window [mem 0xfc700000-0xfc7fffff]
[    0.350010] pci 0000:00:16.3:   bridge window [mem 0xe6d00000-0xe6dfffff 64bit pref]
[    0.350079] pci 0000:00:16.4: PCI bridge to [bus 0f]
[    0.350113] pci 0000:00:16.4:   bridge window [mem 0xfc300000-0xfc3fffff]
[    0.350134] pci 0000:00:16.4:   bridge window [mem 0xe6900000-0xe69fffff 64bit pref]
[    0.350194] pci 0000:00:16.5: PCI bridge to [bus 10]
[    0.350226] pci 0000:00:16.5:   bridge window [mem 0xfbf00000-0xfbffffff]
[    0.350248] pci 0000:00:16.5:   bridge window [mem 0xe6500000-0xe65fffff 64bit pref]
[    0.350306] pci 0000:00:16.6: PCI bridge to [bus 11]
[    0.350340] pci 0000:00:16.6:   bridge window [mem 0xfbb00000-0xfbbfffff]
[    0.350360] pci 0000:00:16.6:   bridge window [mem 0xe6100000-0xe61fffff 64bit pref]
[    0.350419] pci 0000:00:16.7: PCI bridge to [bus 12]
[    0.350450] pci 0000:00:16.7:   bridge window [mem 0xfb700000-0xfb7fffff]
[    0.350542] pci 0000:00:16.7:   bridge window [mem 0xe5d00000-0xe5dfffff 64bit pref]
[    0.350613] pci 0000:00:17.0: PCI bridge to [bus 13]
[    0.350627] pci 0000:00:17.0:   bridge window [io  0x6000-0x6fff]
[    0.350664] pci 0000:00:17.0:   bridge window [mem 0xfd200000-0xfd2fffff]
[    0.350704] pci 0000:00:17.0:   bridge window [mem 0xe7800000-0xe78fffff 64bit pref]
[    0.350794] pci 0000:00:17.1: PCI bridge to [bus 14]
[    0.350806] pci 0000:00:17.1:   bridge window [io  0xa000-0xafff]
[    0.350853] pci 0000:00:17.1:   bridge window [mem 0xfce00000-0xfcefffff]
[    0.350894] pci 0000:00:17.1:   bridge window [mem 0xe7400000-0xe74fffff 64bit pref]
[    0.350946] pci 0000:00:17.2: PCI bridge to [bus 15]
[    0.350973] pci 0000:00:17.2:   bridge window [io  0xe000-0xefff]
[    0.351004] pci 0000:00:17.2:   bridge window [mem 0xfca00000-0xfcafffff]
[    0.351024] pci 0000:00:17.2:   bridge window [mem 0xe7000000-0xe70fffff 64bit pref]
[    0.351075] pci 0000:00:17.3: PCI bridge to [bus 16]
[    0.351106] pci 0000:00:17.3:   bridge window [mem 0xfc600000-0xfc6fffff]
[    0.351126] pci 0000:00:17.3:   bridge window [mem 0xe6c00000-0xe6cfffff 64bit pref]
[    0.351176] pci 0000:00:17.4: PCI bridge to [bus 17]
[    0.351207] pci 0000:00:17.4:   bridge window [mem 0xfc200000-0xfc2fffff]
[    0.351228] pci 0000:00:17.4:   bridge window [mem 0xe6800000-0xe68fffff 64bit pref]
[    0.351278] pci 0000:00:17.5: PCI bridge to [bus 18]
[    0.351309] pci 0000:00:17.5:   bridge window [mem 0xfbe00000-0xfbefffff]
[    0.351330] pci 0000:00:17.5:   bridge window [mem 0xe6400000-0xe64fffff 64bit pref]
[    0.351380] pci 0000:00:17.6: PCI bridge to [bus 19]
[    0.351411] pci 0000:00:17.6:   bridge window [mem 0xfba00000-0xfbafffff]
[    0.351432] pci 0000:00:17.6:   bridge window [mem 0xe6000000-0xe60fffff 64bit pref]
[    0.351491] pci 0000:00:17.7: PCI bridge to [bus 1a]
[    0.351522] pci 0000:00:17.7:   bridge window [mem 0xfb600000-0xfb6fffff]
[    0.351542] pci 0000:00:17.7:   bridge window [mem 0xe5c00000-0xe5cfffff 64bit pref]
[    0.351593] pci 0000:00:18.0: PCI bridge to [bus 1b]
[    0.351604] pci 0000:00:18.0:   bridge window [io  0x7000-0x7fff]
[    0.351634] pci 0000:00:18.0:   bridge window [mem 0xfd100000-0xfd1fffff]
[    0.351655] pci 0000:00:18.0:   bridge window [mem 0xe7700000-0xe77fffff 64bit pref]
[    0.351705] pci 0000:00:18.1: PCI bridge to [bus 1c]
[    0.351717] pci 0000:00:18.1:   bridge window [io  0xb000-0xbfff]
[    0.351764] pci 0000:00:18.1:   bridge window [mem 0xfcd00000-0xfcdfffff]
[    0.351785] pci 0000:00:18.1:   bridge window [mem 0xe7300000-0xe73fffff 64bit pref]
[    0.351867] pci 0000:00:18.2: PCI bridge to [bus 1d]
[    0.351912] pci 0000:00:18.2:   bridge window [mem 0xfc900000-0xfc9fffff]
[    0.351931] pci 0000:00:18.2:   bridge window [mem 0xe6f00000-0xe6ffffff 64bit pref]
[    0.351994] pci 0000:00:18.3: PCI bridge to [bus 1e]
[    0.352021] pci 0000:00:18.3:   bridge window [mem 0xfc500000-0xfc5fffff]
[    0.352039] pci 0000:00:18.3:   bridge window [mem 0xe6b00000-0xe6bfffff 64bit pref]
[    0.352083] pci 0000:00:18.4: PCI bridge to [bus 1f]
[    0.352111] pci 0000:00:18.4:   bridge window [mem 0xfc100000-0xfc1fffff]
[    0.352128] pci 0000:00:18.4:   bridge window [mem 0xe6700000-0xe67fffff 64bit pref]
[    0.352173] pci 0000:00:18.5: PCI bridge to [bus 20]
[    0.352200] pci 0000:00:18.5:   bridge window [mem 0xfbd00000-0xfbdfffff]
[    0.352218] pci 0000:00:18.5:   bridge window [mem 0xe6300000-0xe63fffff 64bit pref]
[    0.352262] pci 0000:00:18.6: PCI bridge to [bus 21]
[    0.352289] pci 0000:00:18.6:   bridge window [mem 0xfb900000-0xfb9fffff]
[    0.352307] pci 0000:00:18.6:   bridge window [mem 0xe5f00000-0xe5ffffff 64bit pref]
[    0.352352] pci 0000:00:18.7: PCI bridge to [bus 22]
[    0.352379] pci 0000:00:18.7:   bridge window [mem 0xfb500000-0xfb5fffff]
[    0.352397] pci 0000:00:18.7:   bridge window [mem 0xe5b00000-0xe5bfffff 64bit pref]
[    0.352442] pci_bus 0000:00: resource 4 [mem 0x000a0000-0x000bffff window]
[    0.352442] pci_bus 0000:00: resource 5 [mem 0x000d0000-0x000d3fff window]
[    0.352443] pci_bus 0000:00: resource 6 [mem 0x000d4000-0x000d7fff window]
[    0.352444] pci_bus 0000:00: resource 7 [mem 0x000d8000-0x000dbfff window]
[    0.352444] pci_bus 0000:00: resource 8 [mem 0xc0000000-0xfebfffff window]
[    0.352445] pci_bus 0000:00: resource 9 [io  0x0000-0x0cf7 window]
[    0.352445] pci_bus 0000:00: resource 10 [io  0x0d00-0xfeff window]
[    0.352447] pci_bus 0000:02: resource 0 [io  0x2000-0x3fff]
[    0.352447] pci_bus 0000:02: resource 1 [mem 0xfd500000-0xfdffffff]
[    0.352448] pci_bus 0000:02: resource 2 [mem 0xe7b00000-0xe7ffffff 64bit pref]
[    0.352448] pci_bus 0000:02: resource 4 [mem 0x000a0000-0x000bffff window]
[    0.352449] pci_bus 0000:02: resource 5 [mem 0x000d0000-0x000d3fff window]
[    0.352449] pci_bus 0000:02: resource 6 [mem 0x000d4000-0x000d7fff window]
[    0.352450] pci_bus 0000:02: resource 7 [mem 0x000d8000-0x000dbfff window]
[    0.352450] pci_bus 0000:02: resource 8 [mem 0xc0000000-0xfebfffff window]
[    0.352451] pci_bus 0000:02: resource 9 [io  0x0000-0x0cf7 window]
[    0.352451] pci_bus 0000:02: resource 10 [io  0x0d00-0xfeff window]
[    0.352452] pci_bus 0000:03: resource 0 [io  0x4000-0x4fff]
[    0.352453] pci_bus 0000:03: resource 1 [mem 0xfd400000-0xfd4fffff]
[    0.352453] pci_bus 0000:03: resource 2 [mem 0xe7a00000-0xe7afffff 64bit pref]
[    0.352454] pci_bus 0000:04: resource 0 [io  0x8000-0x8fff]
[    0.352455] pci_bus 0000:04: resource 1 [mem 0xfd000000-0xfd0fffff]
[    0.352455] pci_bus 0000:04: resource 2 [mem 0xe7600000-0xe76fffff 64bit pref]
[    0.352456] pci_bus 0000:05: resource 0 [io  0xc000-0xcfff]
[    0.352456] pci_bus 0000:05: resource 1 [mem 0xfcc00000-0xfccfffff]
[    0.352457] pci_bus 0000:05: resource 2 [mem 0xe7200000-0xe72fffff 64bit pref]
[    0.352458] pci_bus 0000:06: resource 1 [mem 0xfc800000-0xfc8fffff]
[    0.352458] pci_bus 0000:06: resource 2 [mem 0xe6e00000-0xe6efffff 64bit pref]
[    0.352459] pci_bus 0000:07: resource 1 [mem 0xfc400000-0xfc4fffff]
[    0.352468] pci_bus 0000:07: resource 2 [mem 0xe6a00000-0xe6afffff 64bit pref]
[    0.352469] pci_bus 0000:08: resource 1 [mem 0xfc000000-0xfc0fffff]
[    0.352469] pci_bus 0000:08: resource 2 [mem 0xe6600000-0xe66fffff 64bit pref]
[    0.352470] pci_bus 0000:09: resource 1 [mem 0xfbc00000-0xfbcfffff]
[    0.352470] pci_bus 0000:09: resource 2 [mem 0xe6200000-0xe62fffff 64bit pref]
[    0.352471] pci_bus 0000:0a: resource 1 [mem 0xfb800000-0xfb8fffff]
[    0.352471] pci_bus 0000:0a: resource 2 [mem 0xe5e00000-0xe5efffff 64bit pref]
[    0.352472] pci_bus 0000:0b: resource 0 [io  0x5000-0x5fff]
[    0.352472] pci_bus 0000:0b: resource 1 [mem 0xfd300000-0xfd3fffff]
[    0.352473] pci_bus 0000:0b: resource 2 [mem 0xe7900000-0xe79fffff 64bit pref]
[    0.352474] pci_bus 0000:0c: resource 0 [io  0x9000-0x9fff]
[    0.352474] pci_bus 0000:0c: resource 1 [mem 0xfcf00000-0xfcffffff]
[    0.352475] pci_bus 0000:0c: resource 2 [mem 0xe7500000-0xe75fffff 64bit pref]
[    0.352475] pci_bus 0000:0d: resource 0 [io  0xd000-0xdfff]
[    0.352476] pci_bus 0000:0d: resource 1 [mem 0xfcb00000-0xfcbfffff]
[    0.352476] pci_bus 0000:0d: resource 2 [mem 0xe7100000-0xe71fffff 64bit pref]
[    0.352477] pci_bus 0000:0e: resource 1 [mem 0xfc700000-0xfc7fffff]
[    0.352477] pci_bus 0000:0e: resource 2 [mem 0xe6d00000-0xe6dfffff 64bit pref]
[    0.352478] pci_bus 0000:0f: resource 1 [mem 0xfc300000-0xfc3fffff]
[    0.352479] pci_bus 0000:0f: resource 2 [mem 0xe6900000-0xe69fffff 64bit pref]
[    0.352479] pci_bus 0000:10: resource 1 [mem 0xfbf00000-0xfbffffff]
[    0.352480] pci_bus 0000:10: resource 2 [mem 0xe6500000-0xe65fffff 64bit pref]
[    0.352480] pci_bus 0000:11: resource 1 [mem 0xfbb00000-0xfbbfffff]
[    0.352481] pci_bus 0000:11: resource 2 [mem 0xe6100000-0xe61fffff 64bit pref]
[    0.352482] pci_bus 0000:12: resource 1 [mem 0xfb700000-0xfb7fffff]
[    0.352482] pci_bus 0000:12: resource 2 [mem 0xe5d00000-0xe5dfffff 64bit pref]
[    0.352483] pci_bus 0000:13: resource 0 [io  0x6000-0x6fff]
[    0.352483] pci_bus 0000:13: resource 1 [mem 0xfd200000-0xfd2fffff]
[    0.352484] pci_bus 0000:13: resource 2 [mem 0xe7800000-0xe78fffff 64bit pref]
[    0.352484] pci_bus 0000:14: resource 0 [io  0xa000-0xafff]
[    0.352485] pci_bus 0000:14: resource 1 [mem 0xfce00000-0xfcefffff]
[    0.352485] pci_bus 0000:14: resource 2 [mem 0xe7400000-0xe74fffff 64bit pref]
[    0.352486] pci_bus 0000:15: resource 0 [io  0xe000-0xefff]
[    0.352486] pci_bus 0000:15: resource 1 [mem 0xfca00000-0xfcafffff]
[    0.352487] pci_bus 0000:15: resource 2 [mem 0xe7000000-0xe70fffff 64bit pref]
[    0.352488] pci_bus 0000:16: resource 1 [mem 0xfc600000-0xfc6fffff]
[    0.352488] pci_bus 0000:16: resource 2 [mem 0xe6c00000-0xe6cfffff 64bit pref]
[    0.352489] pci_bus 0000:17: resource 1 [mem 0xfc200000-0xfc2fffff]
[    0.352489] pci_bus 0000:17: resource 2 [mem 0xe6800000-0xe68fffff 64bit pref]
[    0.352490] pci_bus 0000:18: resource 1 [mem 0xfbe00000-0xfbefffff]
[    0.352491] pci_bus 0000:18: resource 2 [mem 0xe6400000-0xe64fffff 64bit pref]
[    0.352491] pci_bus 0000:19: resource 1 [mem 0xfba00000-0xfbafffff]
[    0.352492] pci_bus 0000:19: resource 2 [mem 0xe6000000-0xe60fffff 64bit pref]
[    0.352492] pci_bus 0000:1a: resource 1 [mem 0xfb600000-0xfb6fffff]
[    0.352493] pci_bus 0000:1a: resource 2 [mem 0xe5c00000-0xe5cfffff 64bit pref]
[    0.352493] pci_bus 0000:1b: resource 0 [io  0x7000-0x7fff]
[    0.352494] pci_bus 0000:1b: resource 1 [mem 0xfd100000-0xfd1fffff]
[    0.352494] pci_bus 0000:1b: resource 2 [mem 0xe7700000-0xe77fffff 64bit pref]
[    0.352495] pci_bus 0000:1c: resource 0 [io  0xb000-0xbfff]
[    0.352496] pci_bus 0000:1c: resource 1 [mem 0xfcd00000-0xfcdfffff]
[    0.352496] pci_bus 0000:1c: resource 2 [mem 0xe7300000-0xe73fffff 64bit pref]
[    0.352497] pci_bus 0000:1d: resource 1 [mem 0xfc900000-0xfc9fffff]
[    0.352497] pci_bus 0000:1d: resource 2 [mem 0xe6f00000-0xe6ffffff 64bit pref]
[    0.352498] pci_bus 0000:1e: resource 1 [mem 0xfc500000-0xfc5fffff]
[    0.352498] pci_bus 0000:1e: resource 2 [mem 0xe6b00000-0xe6bfffff 64bit pref]
[    0.352499] pci_bus 0000:1f: resource 1 [mem 0xfc100000-0xfc1fffff]
[    0.352500] pci_bus 0000:1f: resource 2 [mem 0xe6700000-0xe67fffff 64bit pref]
[    0.352500] pci_bus 0000:20: resource 1 [mem 0xfbd00000-0xfbdfffff]
[    0.352501] pci_bus 0000:20: resource 2 [mem 0xe6300000-0xe63fffff 64bit pref]
[    0.352501] pci_bus 0000:21: resource 1 [mem 0xfb900000-0xfb9fffff]
[    0.352502] pci_bus 0000:21: resource 2 [mem 0xe5f00000-0xe5ffffff 64bit pref]
[    0.352502] pci_bus 0000:22: resource 1 [mem 0xfb500000-0xfb5fffff]
[    0.352503] pci_bus 0000:22: resource 2 [mem 0xe5b00000-0xe5bfffff 64bit pref]
[    0.352712] NET: Registered protocol family 2
[    0.353028] TCP established hash table entries: 16384 (order: 5, 131072 bytes)
[    0.353077] TCP bind hash table entries: 16384 (order: 6, 262144 bytes)
[    0.353141] TCP: Hash tables configured (established 16384 bind 16384)
[    0.353184] UDP hash table entries: 1024 (order: 3, 32768 bytes)
[    0.353196] UDP-Lite hash table entries: 1024 (order: 3, 32768 bytes)
[    0.353371] NET: Registered protocol family 1
[    0.353377] pci 0000:00:00.0: Limiting direct PCI/PCI transfers
[    0.353469] pci 0000:00:0f.0: Video device with shadowed ROM at [mem 0x000c0000-0x000dffff]
[    0.354630] PCI: CLS mismatch (32 != 64), using 64 bytes
[    0.355265] Unpacking initramfs...
[    6.077643] Freeing initrd memory: 358792K
[    6.077779] Scanning for low memory corruption every 60 seconds
[    6.078895] audit: initializing netlink subsys (disabled)
[    6.079147] Initialise system trusted keyrings
[    6.079164] audit: type=2000 audit(1633332625.000:1): initialized
[    6.079234] workingset: timestamp_bits=36 max_order=19 bucket_order=0
[    6.080216] zbud: loaded
[    6.080703] squashfs: version 4.0 (2009/01/31) Phillip Lougher
[    6.080845] fuse init (API version 7.26)
[    6.082348] Key type asymmetric registered
[    6.082349] Asymmetric key parser 'x509' registered
[    6.082379] Block layer SCSI generic (bsg) driver version 0.4 loaded (major 248)
[    6.082416] io scheduler noop registered
[    6.082417] io scheduler deadline registered
[    6.082444] io scheduler cfq registered (default)
[    6.101202] pcieport 0000:00:15.0: Signaling PME with IRQ 24
[    6.101312] pcieport 0000:00:15.1: Signaling PME with IRQ 25
[    6.101417] pcieport 0000:00:15.2: Signaling PME with IRQ 26
[    6.101525] pcieport 0000:00:15.3: Signaling PME with IRQ 27
[    6.101631] pcieport 0000:00:15.4: Signaling PME with IRQ 28
[    6.101780] pcieport 0000:00:15.5: Signaling PME with IRQ 29
[    6.101996] pcieport 0000:00:15.6: Signaling PME with IRQ 30
[    6.102125] pcieport 0000:00:15.7: Signaling PME with IRQ 31
[    6.102269] pcieport 0000:00:16.0: Signaling PME with IRQ 32
[    6.102404] pcieport 0000:00:16.1: Signaling PME with IRQ 33
[    6.102594] pcieport 0000:00:16.2: Signaling PME with IRQ 34
[    6.102823] pcieport 0000:00:16.3: Signaling PME with IRQ 35
[    6.102940] pcieport 0000:00:16.4: Signaling PME with IRQ 36
[    6.103069] pcieport 0000:00:16.5: Signaling PME with IRQ 37
[    6.103182] pcieport 0000:00:16.6: Signaling PME with IRQ 38
[    6.103307] pcieport 0000:00:16.7: Signaling PME with IRQ 39
[    6.103423] pcieport 0000:00:17.0: Signaling PME with IRQ 40
[    6.103536] pcieport 0000:00:17.1: Signaling PME with IRQ 41
[    6.103650] pcieport 0000:00:17.2: Signaling PME with IRQ 42
[    6.103764] pcieport 0000:00:17.3: Signaling PME with IRQ 43
[    6.103878] pcieport 0000:00:17.4: Signaling PME with IRQ 44
[    6.103994] pcieport 0000:00:17.5: Signaling PME with IRQ 45
[    6.104121] pcieport 0000:00:17.6: Signaling PME with IRQ 46
[    6.104237] pcieport 0000:00:17.7: Signaling PME with IRQ 47
[    6.104347] pcieport 0000:00:18.0: Signaling PME with IRQ 48
[    6.104455] pcieport 0000:00:18.1: Signaling PME with IRQ 49
[    6.104563] pcieport 0000:00:18.2: Signaling PME with IRQ 50
[    6.104678] pcieport 0000:00:18.3: Signaling PME with IRQ 51
[    6.104787] pcieport 0000:00:18.4: Signaling PME with IRQ 52
[    6.104895] pcieport 0000:00:18.5: Signaling PME with IRQ 53
[    6.105003] pcieport 0000:00:18.6: Signaling PME with IRQ 54
[    6.105111] pcieport 0000:00:18.7: Signaling PME with IRQ 55
[    6.105166] pciehp 0000:00:15.0:pcie004: Slot #160 AttnBtn+ PwrCtrl+ MRL- AttnInd- PwrInd- HotPlug+ Surprise- Interlock- NoCompl+ LLActRep+
[    6.105307] pciehp 0000:00:15.1:pcie004: Slot #161 AttnBtn+ PwrCtrl+ MRL- AttnInd- PwrInd- HotPlug+ Surprise- Interlock- NoCompl+ LLActRep+
[    6.105396] pciehp 0000:00:15.2:pcie004: Slot #162 AttnBtn+ PwrCtrl+ MRL- AttnInd- PwrInd- HotPlug+ Surprise- Interlock- NoCompl+ LLActRep+
[    6.105480] pciehp 0000:00:15.3:pcie004: Slot #163 AttnBtn+ PwrCtrl+ MRL- AttnInd- PwrInd- HotPlug+ Surprise- Interlock- NoCompl+ LLActRep+
[    6.105565] pciehp 0000:00:15.4:pcie004: Slot #164 AttnBtn+ PwrCtrl+ MRL- AttnInd- PwrInd- HotPlug+ Surprise- Interlock- NoCompl+ LLActRep+
[    6.105650] pciehp 0000:00:15.5:pcie004: Slot #165 AttnBtn+ PwrCtrl+ MRL- AttnInd- PwrInd- HotPlug+ Surprise- Interlock- NoCompl+ LLActRep+
[    6.105734] pciehp 0000:00:15.6:pcie004: Slot #166 AttnBtn+ PwrCtrl+ MRL- AttnInd- PwrInd- HotPlug+ Surprise- Interlock- NoCompl+ LLActRep+
[    6.105820] pciehp 0000:00:15.7:pcie004: Slot #167 AttnBtn+ PwrCtrl+ MRL- AttnInd- PwrInd- HotPlug+ Surprise- Interlock- NoCompl+ LLActRep+
[    6.105905] pciehp 0000:00:16.0:pcie004: Slot #192 AttnBtn+ PwrCtrl+ MRL- AttnInd- PwrInd- HotPlug+ Surprise- Interlock- NoCompl+ LLActRep+
[    6.105989] pciehp 0000:00:16.1:pcie004: Slot #193 AttnBtn+ PwrCtrl+ MRL- AttnInd- PwrInd- HotPlug+ Surprise- Interlock- NoCompl+ LLActRep+
[    6.106086] pciehp 0000:00:16.2:pcie004: Slot #194 AttnBtn+ PwrCtrl+ MRL- AttnInd- PwrInd- HotPlug+ Surprise- Interlock- NoCompl+ LLActRep+
[    6.106172] pciehp 0000:00:16.3:pcie004: Slot #195 AttnBtn+ PwrCtrl+ MRL- AttnInd- PwrInd- HotPlug+ Surprise- Interlock- NoCompl+ LLActRep+
[    6.106263] pciehp 0000:00:16.4:pcie004: Slot #196 AttnBtn+ PwrCtrl+ MRL- AttnInd- PwrInd- HotPlug+ Surprise- Interlock- NoCompl+ LLActRep+
[    6.106348] pciehp 0000:00:16.5:pcie004: Slot #197 AttnBtn+ PwrCtrl+ MRL- AttnInd- PwrInd- HotPlug+ Surprise- Interlock- NoCompl+ LLActRep+
[    6.106432] pciehp 0000:00:16.6:pcie004: Slot #198 AttnBtn+ PwrCtrl+ MRL- AttnInd- PwrInd- HotPlug+ Surprise- Interlock- NoCompl+ LLActRep+
[    6.106517] pciehp 0000:00:16.7:pcie004: Slot #199 AttnBtn+ PwrCtrl+ MRL- AttnInd- PwrInd- HotPlug+ Surprise- Interlock- NoCompl+ LLActRep+
[    6.106604] pciehp 0000:00:17.0:pcie004: Slot #224 AttnBtn+ PwrCtrl+ MRL- AttnInd- PwrInd- HotPlug+ Surprise- Interlock- NoCompl+ LLActRep+
[    6.106691] pciehp 0000:00:17.1:pcie004: Slot #225 AttnBtn+ PwrCtrl+ MRL- AttnInd- PwrInd- HotPlug+ Surprise- Interlock- NoCompl+ LLActRep+
[    6.106844] pciehp 0000:00:17.2:pcie004: Slot #226 AttnBtn+ PwrCtrl+ MRL- AttnInd- PwrInd- HotPlug+ Surprise- Interlock- NoCompl+ LLActRep+
[    6.106928] pciehp 0000:00:17.3:pcie004: Slot #227 AttnBtn+ PwrCtrl+ MRL- AttnInd- PwrInd- HotPlug+ Surprise- Interlock- NoCompl+ LLActRep+
[    6.107013] pciehp 0000:00:17.4:pcie004: Slot #228 AttnBtn+ PwrCtrl+ MRL- AttnInd- PwrInd- HotPlug+ Surprise- Interlock- NoCompl+ LLActRep+
[    6.107098] pciehp 0000:00:17.5:pcie004: Slot #229 AttnBtn+ PwrCtrl+ MRL- AttnInd- PwrInd- HotPlug+ Surprise- Interlock- NoCompl+ LLActRep+
[    6.107182] pciehp 0000:00:17.6:pcie004: Slot #230 AttnBtn+ PwrCtrl+ MRL- AttnInd- PwrInd- HotPlug+ Surprise- Interlock- NoCompl+ LLActRep+
[    6.107337] pciehp 0000:00:17.7:pcie004: Slot #231 AttnBtn+ PwrCtrl+ MRL- AttnInd- PwrInd- HotPlug+ Surprise- Interlock- NoCompl+ LLActRep+
[    6.107424] pciehp 0000:00:18.0:pcie004: Slot #256 AttnBtn+ PwrCtrl+ MRL- AttnInd- PwrInd- HotPlug+ Surprise- Interlock- NoCompl+ LLActRep+
[    6.107509] pciehp 0000:00:18.1:pcie004: Slot #257 AttnBtn+ PwrCtrl+ MRL- AttnInd- PwrInd- HotPlug+ Surprise- Interlock- NoCompl+ LLActRep+
[    6.107605] pciehp 0000:00:18.2:pcie004: Slot #258 AttnBtn+ PwrCtrl+ MRL- AttnInd- PwrInd- HotPlug+ Surprise- Interlock- NoCompl+ LLActRep+
[    6.107698] pciehp 0000:00:18.3:pcie004: Slot #259 AttnBtn+ PwrCtrl+ MRL- AttnInd- PwrInd- HotPlug+ Surprise- Interlock- NoCompl+ LLActRep+
[    6.107795] pciehp 0000:00:18.4:pcie004: Slot #260 AttnBtn+ PwrCtrl+ MRL- AttnInd- PwrInd- HotPlug+ Surprise- Interlock- NoCompl+ LLActRep+
[    6.107888] pciehp 0000:00:18.5:pcie004: Slot #261 AttnBtn+ PwrCtrl+ MRL- AttnInd- PwrInd- HotPlug+ Surprise- Interlock- NoCompl+ LLActRep+
[    6.107985] pciehp 0000:00:18.6:pcie004: Slot #262 AttnBtn+ PwrCtrl+ MRL- AttnInd- PwrInd- HotPlug+ Surprise- Interlock- NoCompl+ LLActRep+
[    6.108079] pciehp 0000:00:18.7:pcie004: Slot #263 AttnBtn+ PwrCtrl+ MRL- AttnInd- PwrInd- HotPlug+ Surprise- Interlock- NoCompl+ LLActRep+
[    6.108169] intel_idle: does not run on family 6 model 142
[    6.108389] ACPI: AC Adapter [ACAD] (on-line)
[    6.108459] input: Power Button as /devices/LNXSYSTM:00/LNXPWRBN:00/input/input0
[    6.108462] ACPI: Power Button [PWRF]
[    6.108655] GHES: HEST is not enabled!
[    6.108703] Serial: 8250/16550 driver, 32 ports, IRQ sharing enabled
[    6.131718] 00:05: ttyS0 at I/O 0x3f8 (irq = 4, base_baud = 115200) is a 16550A
[    6.132483] Linux agpgart interface v0.103
[    6.132526] agpgart-intel 0000:00:00.0: Intel 440BX Chipset
[    6.132728] agpgart-intel 0000:00:00.0: AGP aperture is 256M @ 0x0
[    6.135352] loop: module loaded
[    6.135412] ata_piix 0000:00:07.1: version 2.13
[    6.135704] scsi host0: ata_piix
[    6.135750] scsi host1: ata_piix
[    6.135769] ata1: PATA max UDMA/33 cmd 0x1f0 ctl 0x3f6 bmdma 0x1060 irq 14
[    6.135770] ata2: PATA max UDMA/33 cmd 0x170 ctl 0x376 bmdma 0x1068 irq 15
[    6.135815] libphy: Fixed MDIO Bus: probed
[    6.135815] tun: Universal TUN/TAP device driver, 1.6
[    6.135816] tun: (C) 1999-2004 Max Krasnyansky <maxk@qualcomm.com>
[    6.136015] PPP generic driver version 2.4.2
[    6.136040] ehci_hcd: USB 2.0 'Enhanced' Host Controller (EHCI) Driver
[    6.136043] ehci-pci: EHCI PCI platform driver
[    6.136439] ehci-pci 0000:02:03.0: EHCI Host Controller
[    6.136443] ehci-pci 0000:02:03.0: new USB bus registered, assigned bus number 1
[    6.136582] ehci-pci 0000:02:03.0: cache line size of 64 is not supported
[    6.136593] ehci-pci 0000:02:03.0: irq 17, io mem 0xfd5ef000
[    6.150402] ehci-pci 0000:02:03.0: USB 2.0 started, EHCI 1.00
[    6.150482] usb usb1: New USB device found, idVendor=1d6b, idProduct=0002
[    6.150484] usb usb1: New USB device strings: Mfr=3, Product=2, SerialNumber=1
[    6.150485] usb usb1: Product: EHCI Host Controller
[    6.150486] usb usb1: Manufacturer: Linux 4.10.14 ehci_hcd
[    6.150487] usb usb1: SerialNumber: 0000:02:03.0
[    6.150628] hub 1-0:1.0: USB hub found
[    6.150634] hub 1-0:1.0: 6 ports detected
[    6.150860] ehci-platform: EHCI generic platform driver
[    6.150873] ohci_hcd: USB 1.1 'Open' Host Controller (OHCI) Driver
[    6.150877] ohci-pci: OHCI PCI platform driver
[    6.150889] ohci-platform: OHCI generic platform driver
[    6.150895] uhci_hcd: USB Universal Host Controller Interface driver
[    6.151618] uhci_hcd 0000:02:00.0: UHCI Host Controller
[    6.151625] uhci_hcd 0000:02:00.0: new USB bus registered, assigned bus number 2
[    6.151710] uhci_hcd 0000:02:00.0: detected 2 ports
[    6.151933] uhci_hcd 0000:02:00.0: irq 18, io base 0x00002080
[    6.152067] usb usb2: New USB device found, idVendor=1d6b, idProduct=0001
[    6.152068] usb usb2: New USB device strings: Mfr=3, Product=2, SerialNumber=1
[    6.152069] usb usb2: Product: UHCI Host Controller
[    6.152070] usb usb2: Manufacturer: Linux 4.10.14 uhci_hcd
[    6.152071] usb usb2: SerialNumber: 0000:02:00.0
[    6.152169] hub 2-0:1.0: USB hub found
[    6.152172] hub 2-0:1.0: 2 ports detected
[    6.152421] i8042: PNP: PS/2 Controller [PNP0303:KBC,PNP0f13:MOUS] at 0x60,0x64 irq 1,12
[    6.153412] serio: i8042 KBD port at 0x60,0x64 irq 1
[    6.153418] serio: i8042 AUX port at 0x60,0x64 irq 12
[    6.153524] mousedev: PS/2 mouse device common for all mice
[    6.174046] rtc_cmos 00:01: rtc core: registered rtc_cmos as rtc0
[    6.174330] rtc_cmos 00:01: alarms up to one month, y3k, 114 bytes nvram, hpet irqs
[    6.174353] i2c /dev entries driver
[    6.174424] device-mapper: uevent: version 1.0.3
[    6.174478] device-mapper: ioctl: 4.35.0-ioctl (2016-06-23) initialised: dm-devel@redhat.com
[    6.174580] ledtrig-cpu: registered to indicate activity on CPUs
[    6.174878] NET: Registered protocol family 10
[    6.177533] input: AT Translated Set 2 keyboard as /devices/platform/i8042/serio0/input/input1
[    6.180335] Segment Routing with IPv6
[    6.180352] NET: Registered protocol family 17
[    6.180363] Key type dns_resolver registered
[    6.180532] registered taskstats version 1
[    6.180538] Loading compiled-in X.509 certificates
[    6.182344] Loaded X.509 cert 'Build time autogenerated kernel key: ffa065f61010a959c54bbd4ed584b562dedba803'
[    6.182360] zswap: loaded using pool lzo/zbud
[    6.190943] Key type big_key registered
[    6.190945] Key type trusted registered
[    6.191965] Key type encrypted registered
[    6.191967] AppArmor: AppArmor sha1 policy hashing enabled
[    6.191968] ima: No TPM chip found, activating TPM-bypass! (rc=-19)
[    6.191980] evm: HMAC attrs: 0x1
[    6.196451]   Magic number: 9:542:520
[    6.196538] acpi device:114: hash matches
[    6.196646] rtc_cmos 00:01: setting system clock to 2021-10-04 07:30:25 UTC (1633332625)
[    6.196725] BIOS EDD facility v0.16 2004-Jun-25, 0 devices found
[    6.196725] EDD information not available.
[    6.196745] PM: Hibernation image not present or could not be loaded.
[    6.321062] Freeing unused kernel memory: 2220K
[    6.321063] Write protecting the kernel read-only data: 14336k
[    6.321354] Freeing unused kernel memory: 1156K
[    6.321789] Freeing unused kernel memory: 180K
[    6.328564] x86/mm: Checked W+X mappings: passed, no W+X pages found.
[    6.337325] random: udevadm: uninitialized urandom read (16 bytes read)
[    6.337337] random: udevadm: uninitialized urandom read (16 bytes read)
[    6.339156] random: systemd-udevd: uninitialized urandom read (16 bytes read)
[    6.339203] random: systemd-udevd: uninitialized urandom read (16 bytes read)
[    6.339210] random: systemd-udevd: uninitialized urandom read (16 bytes read)
[    6.341690] random: systemd-udevd: uninitialized urandom read (16 bytes read)
[    6.341773] random: systemd-udevd: uninitialized urandom read (16 bytes read)
[    6.341780] random: systemd-udevd: uninitialized urandom read (16 bytes read)
[    6.342248] random: systemd-udevd: uninitialized urandom read (16 bytes read)
[    6.342257] random: systemd-udevd: uninitialized urandom read (16 bytes read)
[    6.460938] FUJITSU Extended Socket Network Device Driver - version 1.2 - Copyright (c) 2015 FUJITSU LIMITED
[    6.478394] usb 2-1: new full-speed USB device number 2 using uhci_hcd
[    6.565575] ahci 0000:02:05.0: version 3.0
[    6.566481] ahci 0000:02:05.0: AHCI 0001.0300 32 slots 30 ports 6 Gbps 0x3fffffff impl SATA mode
[    6.566482] ahci 0000:02:05.0: flags: 64bit ncq clo only 
[    6.573486] Fusion MPT base driver 3.04.20
